Archive member included to satisfy reference by file (symbol)

c:/siliconlabs/simplicitystudio/v5/developer/toolchains/gnu_arm/12.2.rel1_2023.7/bin/../lib/gcc/arm-none-eabi/12.2.1/thumb/v7e-m+fp/softfp\libgcc.a(_aeabi_ldivmod.o)
                              ./gecko_sdk_4.5.0/platform/emlib/src/em_usart.o (__aeabi_ldivmod)
c:/siliconlabs/simplicitystudio/v5/developer/toolchains/gnu_arm/12.2.rel1_2023.7/bin/../lib/gcc/arm-none-eabi/12.2.1/thumb/v7e-m+fp/softfp\libgcc.a(_aeabi_uldivmod.o)
                              ./gecko_sdk_4.5.0/platform/emlib/src/em_usart.o (__aeabi_uldivmod)
c:/siliconlabs/simplicitystudio/v5/developer/toolchains/gnu_arm/12.2.rel1_2023.7/bin/../lib/gcc/arm-none-eabi/12.2.1/thumb/v7e-m+fp/softfp\libgcc.a(_udivmoddi4.o)
                              c:/siliconlabs/simplicitystudio/v5/developer/toolchains/gnu_arm/12.2.rel1_2023.7/bin/../lib/gcc/arm-none-eabi/12.2.1/thumb/v7e-m+fp/softfp\libgcc.a(_aeabi_ldivmod.o) (__udivmoddi4)
c:/siliconlabs/simplicitystudio/v5/developer/toolchains/gnu_arm/12.2.rel1_2023.7/bin/../lib/gcc/arm-none-eabi/12.2.1/thumb/v7e-m+fp/softfp\libgcc.a(_dvmd_tls.o)
                              c:/siliconlabs/simplicitystudio/v5/developer/toolchains/gnu_arm/12.2.rel1_2023.7/bin/../lib/gcc/arm-none-eabi/12.2.1/thumb/v7e-m+fp/softfp\libgcc.a(_aeabi_ldivmod.o) (__aeabi_ldiv0)
c:/siliconlabs/simplicitystudio/v5/developer/toolchains/gnu_arm/12.2.rel1_2023.7/bin/../lib/gcc/arm-none-eabi/12.2.1/thumb/v7e-m+fp/softfp\libc_nano.a(libc_a-exit.o)
                              c:/siliconlabs/simplicitystudio/v5/developer/toolchains/gnu_arm/12.2.rel1_2023.7/bin/../lib/gcc/arm-none-eabi/12.2.1/thumb/v7e-m+fp/softfp/crt0.o (exit)
c:/siliconlabs/simplicitystudio/v5/developer/toolchains/gnu_arm/12.2.rel1_2023.7/bin/../lib/gcc/arm-none-eabi/12.2.1/thumb/v7e-m+fp/softfp\libc_nano.a(libc_a-findfp.o)
                              c:/siliconlabs/simplicitystudio/v5/developer/toolchains/gnu_arm/12.2.rel1_2023.7/bin/../lib/gcc/arm-none-eabi/12.2.1/thumb/v7e-m+fp/softfp\libc_nano.a(libc_a-exit.o) (__stdio_exit_handler)
c:/siliconlabs/simplicitystudio/v5/developer/toolchains/gnu_arm/12.2.rel1_2023.7/bin/../lib/gcc/arm-none-eabi/12.2.1/thumb/v7e-m+fp/softfp\libc_nano.a(libc_a-fwalk.o)
                              c:/siliconlabs/simplicitystudio/v5/developer/toolchains/gnu_arm/12.2.rel1_2023.7/bin/../lib/gcc/arm-none-eabi/12.2.1/thumb/v7e-m+fp/softfp\libc_nano.a(libc_a-findfp.o) (_fwalk_sglue)
c:/siliconlabs/simplicitystudio/v5/developer/toolchains/gnu_arm/12.2.rel1_2023.7/bin/../lib/gcc/arm-none-eabi/12.2.1/thumb/v7e-m+fp/softfp\libc_nano.a(libc_a-sprintf.o)
                              ./app.o (sprintf)
c:/siliconlabs/simplicitystudio/v5/developer/toolchains/gnu_arm/12.2.rel1_2023.7/bin/../lib/gcc/arm-none-eabi/12.2.1/thumb/v7e-m+fp/softfp\libc_nano.a(libc_a-stdio.o)
                              c:/siliconlabs/simplicitystudio/v5/developer/toolchains/gnu_arm/12.2.rel1_2023.7/bin/../lib/gcc/arm-none-eabi/12.2.1/thumb/v7e-m+fp/softfp\libc_nano.a(libc_a-findfp.o) (__sread)
c:/siliconlabs/simplicitystudio/v5/developer/toolchains/gnu_arm/12.2.rel1_2023.7/bin/../lib/gcc/arm-none-eabi/12.2.1/thumb/v7e-m+fp/softfp\libc_nano.a(libc_a-memset.o)
                              c:/siliconlabs/simplicitystudio/v5/developer/toolchains/gnu_arm/12.2.rel1_2023.7/bin/../lib/gcc/arm-none-eabi/12.2.1/thumb/v7e-m+fp/softfp/crt0.o (memset)
c:/siliconlabs/simplicitystudio/v5/developer/toolchains/gnu_arm/12.2.rel1_2023.7/bin/../lib/gcc/arm-none-eabi/12.2.1/thumb/v7e-m+fp/softfp\libc_nano.a(libc_a-strncmp.o)
                              ./app.o (strncmp)
c:/siliconlabs/simplicitystudio/v5/developer/toolchains/gnu_arm/12.2.rel1_2023.7/bin/../lib/gcc/arm-none-eabi/12.2.1/thumb/v7e-m+fp/softfp\libc_nano.a(libc_a-closer.o)
                              c:/siliconlabs/simplicitystudio/v5/developer/toolchains/gnu_arm/12.2.rel1_2023.7/bin/../lib/gcc/arm-none-eabi/12.2.1/thumb/v7e-m+fp/softfp\libc_nano.a(libc_a-stdio.o) (_close_r)
c:/siliconlabs/simplicitystudio/v5/developer/toolchains/gnu_arm/12.2.rel1_2023.7/bin/../lib/gcc/arm-none-eabi/12.2.1/thumb/v7e-m+fp/softfp\libc_nano.a(libc_a-reent.o)
                              c:/siliconlabs/simplicitystudio/v5/developer/toolchains/gnu_arm/12.2.rel1_2023.7/bin/../lib/gcc/arm-none-eabi/12.2.1/thumb/v7e-m+fp/softfp\libc_nano.a(libc_a-closer.o) (errno)
c:/siliconlabs/simplicitystudio/v5/developer/toolchains/gnu_arm/12.2.rel1_2023.7/bin/../lib/gcc/arm-none-eabi/12.2.1/thumb/v7e-m+fp/softfp\libc_nano.a(libc_a-impure.o)
                              c:/siliconlabs/simplicitystudio/v5/developer/toolchains/gnu_arm/12.2.rel1_2023.7/bin/../lib/gcc/arm-none-eabi/12.2.1/thumb/v7e-m+fp/softfp\libc_nano.a(libc_a-sprintf.o) (_impure_ptr)
c:/siliconlabs/simplicitystudio/v5/developer/toolchains/gnu_arm/12.2.rel1_2023.7/bin/../lib/gcc/arm-none-eabi/12.2.1/thumb/v7e-m+fp/softfp\libc_nano.a(libc_a-lseekr.o)
[...]
Memory Configuration

Name             Origin             Length             Attributes
FLASH            0x00000000         0x00040000         xr
RAM              0x20000000         0x00008000         xrw
*default*        0x00000000         0xffffffff

Linker script and memory map

LOAD c:/siliconlabs/simplicitystudio/v5/developer/toolchains/gnu_arm/12.2.rel1_2023.7/bin/../lib/gcc/arm-none-eabi/12.2.1/thumb/v7e-m+fp/softfp/crti.o
LOAD c:/siliconlabs/simplicitystudio/v5/developer/toolchains/gnu_arm/12.2.rel1_2023.7/bin/../lib/gcc/arm-none-eabi/12.2.1/thumb/v7e-m+fp/softfp/crtbegin.o
LOAD c:/siliconlabs/simplicitystudio/v5/developer/toolchains/gnu_arm/12.2.rel1_2023.7/bin/../lib/gcc/arm-none-eabi/12.2.1/thumb/v7e-m+fp/softfp/crt0.o
START GROUP
LOAD ./app.o
LOAD ./main.o
LOAD ./autogen/sl_board_default_init.o
LOAD ./autogen/sl_device_init_clocks.o
LOAD ./autogen/sl_event_handler.o
LOAD ./autogen/sl_simple_led_instances.o
LOAD ./gecko_sdk_4.5.0/hardware/board/src/sl_board_control_gpio.o
LOAD ./gecko_sdk_4.5.0/hardware/board/src/sl_board_init.o
LOAD ./gecko_sdk_4.5.0/platform/Device/SiliconLabs/EFM32PG1B/Source/startup_efm32pg1b.o
LOAD ./gecko_sdk_4.5.0/platform/Device/SiliconLabs/EFM32PG1B/Source/system_efm32pg1b.o
LOAD ./gecko_sdk_4.5.0/platform/common/src/sl_assert.o
LOAD ./gecko_sdk_4.5.0/platform/common/src/sl_syscalls.o
LOAD ./gecko_sdk_4.5.0/platform/common/toolchain/src/sl_memory.o
LOAD ./gecko_sdk_4.5.0/platform/driver/leddrv/src/sl_led.o
LOAD ./gecko_sdk_4.5.0/platform/driver/leddrv/src/sl_simple_led.o
LOAD ./gecko_sdk_4.5.0/platform/emlib/src/em_cmu.o
LOAD ./gecko_sdk_4.5.0/platform/emlib/src/em_core.o
LOAD ./gecko_sdk_4.5.0/platform/emlib/src/em_emu.o
LOAD ./gecko_sdk_4.5.0/platform/emlib/src/em_gpio.o
LOAD ./gecko_sdk_4.5.0/platform/emlib/src/em_msc.o
LOAD ./gecko_sdk_4.5.0/platform/emlib/src/em_rtcc.o
LOAD ./gecko_sdk_4.5.0/platform/emlib/src/em_system.o
LOAD ./gecko_sdk_4.5.0/platform/emlib/src/em_timer.o
LOAD ./gecko_sdk_4.5.0/platform/emlib/src/em_usart.o
LOAD ./gecko_sdk_4.5.0/platform/service/device_init/src/sl_device_init_dcdc_s1.o
LOAD ./gecko_sdk_4.5.0/platform/service/device_init/src/sl_device_init_emu_s1.o
LOAD ./gecko_sdk_4.5.0/platform/service/device_init/src/sl_device_init_hfxo_s1.o
LOAD ./gecko_sdk_4.5.0/platform/service/device_init/src/sl_device_init_lfxo_s1.o
LOAD ./gecko_sdk_4.5.0/platform/service/device_init/src/sl_device_init_nvic.o
LOAD ./gecko_sdk_4.5.0/platform/service/sleeptimer/src/sl_sleeptimer.o
LOAD ./gecko_sdk_4.5.0/platform/service/sleeptimer/src/sl_sleeptimer_hal_rtcc.o
LOAD ./gecko_sdk_4.5.0/platform/service/sleeptimer/src/sl_sleeptimer_hal_timer.o
LOAD ./gecko_sdk_4.5.0/platform/service/system/src/sl_system_init.o
LOAD ./gecko_sdk_4.5.0/platform/service/system/src/sl_system_process_action.o
LOAD c:/siliconlabs/simplicitystudio/v5/developer/toolchains/gnu_arm/12.2.rel1_2023.7/bin/../lib/gcc/arm-none-eabi/12.2.1/thumb/v7e-m+fp/softfp\libgcc.a
LOAD c:/siliconlabs/simplicitystudio/v5/developer/toolchains/gnu_arm/12.2.rel1_2023.7/bin/../lib/gcc/arm-none-eabi/12.2.1/thumb/v7e-m+fp/softfp\libc_nano.a
LOAD c:/siliconlabs/simplicitystudio/v5/developer/toolchains/gnu_arm/12.2.rel1_2023.7/bin/../lib/gcc/arm-none-eabi/12.2.1/thumb/v7e-m+fp/softfp\libm.a
LOAD c:/siliconlabs/simplicitystudio/v5/developer/toolchains/gnu_arm/12.2.rel1_2023.7/bin/../lib/gcc/arm-none-eabi/12.2.1/thumb/v7e-m+fp/softfp\libnosys.a
END GROUP
START GROUP
LOAD c:/siliconlabs/simplicitystudio/v5/developer/toolchains/gnu_arm/12.2.rel1_2023.7/bin/../lib/gcc/arm-none-eabi/12.2.1/thumb/v7e-m+fp/softfp\libgcc.a
LOAD c:/siliconlabs/simplicitystudio/v5/developer/toolchains/gnu_arm/12.2.rel1_2023.7/bin/../lib/gcc/arm-none-eabi/12.2.1/thumb/v7e-m+fp/softfp\libc_nano.a
LOAD c:/siliconlabs/simplicitystudio/v5/developer/toolchains/gnu_arm/12.2.rel1_2023.7/bin/../lib/gcc/arm-none-eabi/12.2.1/thumb/v7e-m+fp/softfp\libnosys.a
END GROUP
START GROUP
LOAD c:/siliconlabs/simplicitystudio/v5/developer/toolchains/gnu_arm/12.2.rel1_2023.7/bin/../lib/gcc/arm-none-eabi/12.2.1/thumb/v7e-m+fp/softfp\libgcc.a
LOAD c:/siliconlabs/simplicitystudio/v5/developer/toolchains/gnu_arm/12.2.rel1_2023.7/bin/../lib/gcc/arm-none-eabi/12.2.1/thumb/v7e-m+fp/softfp\libg_nano.a
LOAD c:/siliconlabs/simplicitystudio/v5/developer/toolchains/gnu_arm/12.2.rel1_2023.7/bin/../lib/gcc/arm-none-eabi/12.2.1/thumb/v7e-m+fp/softfp\libc_nano.a
END GROUP
START GROUP
LOAD c:/siliconlabs/simplicitystudio/v5/developer/toolchains/gnu_arm/12.2.rel1_2023.7/bin/../lib/gcc/arm-none-eabi/12.2.1/thumb/v7e-m+fp/softfp\libgcc.a
LOAD c:/siliconlabs/simplicitystudio/v5/developer/toolchains/gnu_arm/12.2.rel1_2023.7/bin/../lib/gcc/arm-none-eabi/12.2.1/thumb/v7e-m+fp/softfp\libc_nano.a
END GROUP
LOAD c:/siliconlabs/simplicitystudio/v5/developer/toolchains/gnu_arm/12.2.rel1_2023.7/bin/../lib/gcc/arm-none-eabi/12.2.1/thumb/v7e-m+fp/softfp/crtend.o
LOAD c:/siliconlabs/simplicitystudio/v5/developer/toolchains/gnu_arm/12.2.rel1_2023.7/bin/../lib/gcc/arm-none-eabi/12.2.1/thumb/v7e-m+fp/softfp/crtn.o

.text           0x00000000     0x3378
                0x00000000                linker_vectors_begin = .
 *(.vectors)
 .vectors       0x00000000       0xc8 ./gecko_sdk_4.5.0/platform/Device/SiliconLabs/EFM32PG1B/Source/startup_efm32pg1b.o
                0x00000000                __Vectors
                0x000000c8                linker_vectors_end = .
                0x000000c8                __Vectors_End = .
                0x000000c8                __Vectors_Size = (__Vectors_End - __Vectors)
                0x000000c8                linker_code_begin = .
 *(SORT_BY_ALIGNMENT(.text*))
 *fill*         0x000000c8        0x8 
 .text          0x000000d0       0xa0 c:/siliconlabs/simplicitystudio/v5/developer/toolchains/gnu_arm/12.2.rel1_2023.7/bin/../lib/gcc/arm-none-eabi/12.2.1/thumb/v7e-m+fp/softfp\libc_nano.a(libc_a-memchr.o)
                0x000000d0                memchr
 .text.deregister_tm_clones
                0x00000170       0x1c c:/siliconlabs/simplicitystudio/v5/developer/toolchains/gnu_arm/12.2.rel1_2023.7/bin/../lib/gcc/arm-none-eabi/12.2.1/thumb/v7e-m+fp/softfp/crtbegin.o
 .text.register_tm_clones
                0x0000018c       0x24 c:/siliconlabs/simplicitystudio/v5/developer/toolchains/gnu_arm/12.2.rel1_2023.7/bin/../lib/gcc/arm-none-eabi/12.2.1/thumb/v7e-m+fp/softfp/crtbegin.o
 .text.__do_global_dtors_aux
                0x000001b0       0x28 c:/siliconlabs/simplicitystudio/v5/developer/toolchains/gnu_arm/12.2.rel1_2023.7/bin/../lib/gcc/arm-none-eabi/12.2.1/thumb/v7e-m+fp/softfp/crtbegin.o
 .text.frame_dummy
                0x000001d8       0x24 c:/siliconlabs/simplicitystudio/v5/developer/toolchains/gnu_arm/12.2.rel1_2023.7/bin/../lib/gcc/arm-none-eabi/12.2.1/thumb/v7e-m+fp/softfp/crtbegin.o
 .text          0x000001fc       0x7c c:/siliconlabs/simplicitystudio/v5/developer/toolchains/gnu_arm/12.2.rel1_2023.7/bin/../lib/gcc/arm-none-eabi/12.2.1/thumb/v7e-m+fp/softfp/crt0.o
                0x000001fc                _stack_init
                0x00000204                _start
                0x00000204                _mainCRTStartup
 .text.uartSendString
                0x00000278       0x1c ./app.o
 .text.init_TIMER0
                0x00000294       0x50 ./app.o
                0x00000294                init_TIMER0
 .text.SendNormalDetection
                0x000002e4       0x2c ./app.o
                0x000002e4                SendNormalDetection
 .text.SendDegradedDetection
                0x00000310       0x2c ./app.o
                0x00000310                SendDegradedDetection
 .text.SendNoDetection
                0x0000033c       0x20 ./app.o
                0x0000033c                SendNoDetection
 .text.TIMER0_IRQHandler
                0x0000035c       0x6c ./app.o
                0x0000035c                TIMER0_IRQHandler
 .text.UART_CommandHandler
                0x000003c8       0x70 ./app.o
                0x000003c8                UART_CommandHandler
 .text.USART0_RX_IRQHandler
                0x00000438       0x48 ./app.o
                0x00000438                USART0_RX_IRQHandler
 .text.app_init
                0x00000480       0xb0 ./app.o
                0x00000480                app_init
 .text.sl_device_init_clocks
                0x00000530       0x48 ./autogen/sl_device_init_clocks.o
                0x00000530                sl_device_init_clocks
 .text.sl_platform_init
                0x00000578       0xb0 ./autogen/sl_event_handler.o
                0x00000578                sl_platform_init
 .text.sl_simple_led_init_instances
                0x00000628        0xc ./autogen/sl_simple_led_instances.o
                0x00000628                sl_simple_led_init_instances
 .text.sl_board_init
                0x00000634       0x18 ./gecko_sdk_4.5.0/hardware/board/src/sl_board_init.o
                0x00000634                sl_board_init
 .text.sl_board_preinit
                0x0000064c        0xc ./gecko_sdk_4.5.0/hardware/board/src/sl_board_init.o
                0x0000064c                sl_board_preinit
 .text.Reset_Handler
                0x00000658       0x60 ./gecko_sdk_4.5.0/platform/Device/SiliconLabs/EFM32PG1B/Source/startup_efm32pg1b.o
                0x00000658                Reset_Handler
 .text.SystemMaxCoreClockGet
                0x000006b8        0x8 ./gecko_sdk_4.5.0/platform/Device/SiliconLabs/EFM32PG1B/Source/system_efm32pg1b.o
                0x000006b8                SystemMaxCoreClockGet
 .text.SystemHFClockGet
                0x000006c0       0x48 ./gecko_sdk_4.5.0/platform/Device/SiliconLabs/EFM32PG1B/Source/system_efm32pg1b.o
                0x000006c0                SystemHFClockGet
 .text.SystemCoreClockGet
                0x00000708       0x24 ./gecko_sdk_4.5.0/platform/Device/SiliconLabs/EFM32PG1B/Source/system_efm32pg1b.o
                0x00000708                SystemCoreClockGet
 .text.SystemHFXOClockGet
                0x0000072c        0xc ./gecko_sdk_4.5.0/platform/Device/SiliconLabs/EFM32PG1B/Source/system_efm32pg1b.o
                0x0000072c                SystemHFXOClockGet
 .text.SystemHFXOClockSet
                0x00000738       0x20 ./gecko_sdk_4.5.0/platform/Device/SiliconLabs/EFM32PG1B/Source/system_efm32pg1b.o
                0x00000738                SystemHFXOClockSet
 .text.SystemInit
                0x00000758       0x44 ./gecko_sdk_4.5.0/platform/Device/SiliconLabs/EFM32PG1B/Source/system_efm32pg1b.o
                0x00000758                SystemInit
 .text.SystemLFXOClockGet
                0x0000079c        0xc ./gecko_sdk_4.5.0/platform/Device/SiliconLabs/EFM32PG1B/Source/system_efm32pg1b.o
                0x0000079c                SystemLFXOClockGet
 .text._sbrk    0x000007a8       0x20 ./gecko_sdk_4.5.0/platform/common/toolchain/src/sl_memory.o
                0x000007a8                _sbrk
 .text.GPIO_PinOutClear
                0x000007c8       0x40 ./gecko_sdk_4.5.0/platform/driver/leddrv/src/sl_simple_led.o
 .text.GPIO_PinOutSet
                0x00000808       0x40 ./gecko_sdk_4.5.0/platform/driver/leddrv/src/sl_simple_led.o
 .text.sl_simple_led_init
                0x00000848       0x34 ./gecko_sdk_4.5.0/platform/driver/leddrv/src/sl_simple_led.o
                0x00000848                sl_simple_led_init
 .text.sl_simple_led_toggle
                0x0000087c       0x3c ./gecko_sdk_4.5.0/platform/driver/leddrv/src/sl_simple_led.o
                0x0000087c                sl_simple_led_toggle
 .text.sl_simple_led_get_state
                0x000008b8       0x50 ./gecko_sdk_4.5.0/platform/driver/leddrv/src/sl_simple_led.o
                0x000008b8                sl_simple_led_get_state
 .text.setHfLeConfig
                0x00000908       0x44 ./gecko_sdk_4.5.0/platform/emlib/src/em_cmu.o
 .text.syncReg  0x0000094c       0x18 ./gecko_sdk_4.5.0/platform/emlib/src/em_cmu.o
 .text.flashWaitStateControl.constprop.0
                0x00000964       0x38 ./gecko_sdk_4.5.0/platform/emlib/src/em_cmu.o
 .text.flashWaitStateMax
                0x0000099c       0x24 ./gecko_sdk_4.5.0/platform/emlib/src/em_cmu.o
 .text.CMU_UpdateWaitStates
                0x000009c0       0x20 ./gecko_sdk_4.5.0/platform/emlib/src/em_cmu.o
                0x000009c0                CMU_UpdateWaitStates
 .text.CMU_ClockEnable
                0x000009e0       0x9c ./gecko_sdk_4.5.0/platform/emlib/src/em_cmu.o
                0x000009e0                CMU_ClockEnable
 .text.CMU_ClockPrescGet
                0x00000a7c       0xc0 ./gecko_sdk_4.5.0/platform/emlib/src/em_cmu.o
                0x00000a7c                CMU_ClockPrescGet
 .text.CMU_ClockSelectGet
                0x00000b3c       0xd0 ./gecko_sdk_4.5.0/platform/emlib/src/em_cmu.o
                0x00000b3c                CMU_ClockSelectGet
 .text.lfClkGet
                0x00000c0c       0xb8 ./gecko_sdk_4.5.0/platform/emlib/src/em_cmu.o
 .text.CMU_ClockFreqGet
                0x00000cc4      0x198 ./gecko_sdk_4.5.0/platform/emlib/src/em_cmu.o
                0x00000cc4                CMU_ClockFreqGet
 .text.CMU_LFXOPrecisionSet
                0x00000e5c        0xc ./gecko_sdk_4.5.0/platform/emlib/src/em_cmu.o
                0x00000e5c                CMU_LFXOPrecisionSet
 .text.CMU_HFXOPrecisionSet
                0x00000e68        0xc ./gecko_sdk_4.5.0/platform/emlib/src/em_cmu.o
                0x00000e68                CMU_HFXOPrecisionSet
 .text.CMU_OscillatorTuningSet
                0x00000e74      0x120 ./gecko_sdk_4.5.0/platform/emlib/src/em_cmu.o
                0x00000e74                CMU_OscillatorTuningSet
 .text.CMU_OscillatorTuningWait
                0x00000f94       0x64 ./gecko_sdk_4.5.0/platform/emlib/src/em_cmu.o
                0x00000f94                CMU_OscillatorTuningWait
 .text.CMU_OscillatorTuningOptimize
                0x00000ff8       0x38 ./gecko_sdk_4.5.0/platform/emlib/src/em_cmu.o
                0x00000ff8                CMU_OscillatorTuningOptimize
 .text.CMU_OscillatorEnable
                0x00001030       0xec ./gecko_sdk_4.5.0/platform/emlib/src/em_cmu.o
                0x00001030                CMU_OscillatorEnable
 .text.sli_em_cmu_HFClockSelectHFXO
                0x0000111c       0x3c ./gecko_sdk_4.5.0/platform/emlib/src/em_cmu.o
                0x0000111c                sli_em_cmu_HFClockSelectHFXO
 .text.CMU_HFXOInit
                0x00001158       0xac ./gecko_sdk_4.5.0/platform/emlib/src/em_cmu.o
                0x00001158                CMU_HFXOInit
 .text.CMU_LFXOInit
                0x00001204       0x58 ./gecko_sdk_4.5.0/platform/emlib/src/em_cmu.o
                0x00001204                CMU_LFXOInit
 .text.currentLimitersUpdate
                0x0000125c       0x70 ./gecko_sdk_4.5.0/platform/emlib/src/em_emu.o
 .text.EMU_EM4Init
                0x000012cc       0x30 ./gecko_sdk_4.5.0/platform/emlib/src/em_emu.o
                0x000012cc                EMU_EM4Init
 .text.EMU_DCDCModeSet
                0x000012fc       0x78 ./gecko_sdk_4.5.0/platform/emlib/src/em_emu.o
                0x000012fc                EMU_DCDCModeSet
 .text.EMU_DCDCOutputVoltageSet
                0x00001374      0x1a0 ./gecko_sdk_4.5.0/platform/emlib/src/em_emu.o
                0x00001374                EMU_DCDCOutputVoltageSet
 .text.EMU_DCDCOptimizeSlice
                0x00001514       0x78 ./gecko_sdk_4.5.0/platform/emlib/src/em_emu.o
                0x00001514                EMU_DCDCOptimizeSlice
 .text.EMU_DCDCLnRcoBandSet
                0x0000158c       0x44 ./gecko_sdk_4.5.0/platform/emlib/src/em_emu.o
                0x0000158c                EMU_DCDCLnRcoBandSet
 .text.EMU_DCDCInit
                0x000015d0      0x1f4 ./gecko_sdk_4.5.0/platform/emlib/src/em_emu.o
                0x000015d0                EMU_DCDCInit
 .text.GPIO_PinOutSet
                0x000017c4       0x40 ./gecko_sdk_4.5.0/platform/emlib/src/em_gpio.o
 .text.GPIO_PinOutClear
                0x00001804       0x40 ./gecko_sdk_4.5.0/platform/emlib/src/em_gpio.o
 .text.GPIO_PinModeSet
                0x00001844       0x90 ./gecko_sdk_4.5.0/platform/emlib/src/em_gpio.o
                0x00001844                GPIO_PinModeSet
 .text.RTCC_ChannelInit
                0x000018d4       0x58 ./gecko_sdk_4.5.0/platform/emlib/src/em_rtcc.o
                0x000018d4                RTCC_ChannelInit
 .text.RTCC_Enable
                0x0000192c        0xc ./gecko_sdk_4.5.0/platform/emlib/src/em_rtcc.o
                0x0000192c                RTCC_Enable
 .text.RTCC_Init
                0x00001938       0x3c ./gecko_sdk_4.5.0/platform/emlib/src/em_rtcc.o
                0x00001938                RTCC_Init
 .text.SYSTEM_ChipRevisionGet
                0x00001974       0x50 ./gecko_sdk_4.5.0/platform/emlib/src/em_system.o
                0x00001974                SYSTEM_ChipRevisionGet
 .text.SYSTEM_GetProdRev
                0x000019c4       0x10 ./gecko_sdk_4.5.0/platform/emlib/src/em_system.o
                0x000019c4                SYSTEM_GetProdRev
 .text.TIMER_Init
                0x000019d4       0x84 ./gecko_sdk_4.5.0/platform/emlib/src/em_timer.o
                0x000019d4                TIMER_Init
 .text.USART_BaudrateAsyncSet
                0x00001a58       0xe4 ./gecko_sdk_4.5.0/platform/emlib/src/em_usart.o
                0x00001a58                USART_BaudrateAsyncSet
 .text.USART_Reset
                0x00001b3c       0x68 ./gecko_sdk_4.5.0/platform/emlib/src/em_usart.o
                0x00001b3c                USART_Reset
 .text.USART_InitAsync
                0x00001ba4       0xa0 ./gecko_sdk_4.5.0/platform/emlib/src/em_usart.o
                0x00001ba4                USART_InitAsync
 .text.sl_device_init_dcdc
                0x00001c44       0x2c ./gecko_sdk_4.5.0/platform/service/device_init/src/sl_device_init_dcdc_s1.o
                0x00001c44                sl_device_init_dcdc
 .text.sl_device_init_hfxo
                0x00001c70       0x5c ./gecko_sdk_4.5.0/platform/service/device_init/src/sl_device_init_hfxo_s1.o
                0x00001c70                sl_device_init_hfxo
 .text.sl_device_init_lfxo
                0x00001ccc       0x28 ./gecko_sdk_4.5.0/platform/service/device_init/src/sl_device_init_lfxo_s1.o
                0x00001ccc                sl_device_init_lfxo
 .text.sl_device_init_nvic
                0x00001cf4       0x3c ./gecko_sdk_4.5.0/platform/service/device_init/src/sl_device_init_nvic.o
                0x00001cf4                sl_device_init_nvic
 .text.delta_list_insert_timer
                0x00001d30       0x40 ./gecko_sdk_4.5.0/platform/service/sleeptimer/src/sl_sleeptimer.o
 .text.update_delta_list
                0x00001d70       0x34 ./gecko_sdk_4.5.0/platform/service/sleeptimer/src/sl_sleeptimer.o
 .text.set_comparator_for_next_timer
                0x00001da4       0x5c ./gecko_sdk_4.5.0/platform/service/sleeptimer/src/sl_sleeptimer.o
 .text.delta_list_remove_timer
                0x00001e00       0x38 ./gecko_sdk_4.5.0/platform/service/sleeptimer/src/sl_sleeptimer.o
 .text.sl_sleeptimer_init
                0x00001e38       0x74 ./gecko_sdk_4.5.0/platform/service/sleeptimer/src/sl_sleeptimer.o
                0x00001e38                sl_sleeptimer_init
 .text.process_timer_irq
                0x00001eac      0x154 ./gecko_sdk_4.5.0/platform/service/sleeptimer/src/sl_sleeptimer.o
                0x00001eac                process_timer_irq
 .text.sleeptimer_hal_init_timer
                0x00002000       0x8c ./gecko_sdk_4.5.0/platform/service/sleeptimer/src/sl_sleeptimer_hal_rtcc.o
                0x00002000                sleeptimer_hal_init_timer
 .text.sleeptimer_hal_get_counter
                0x0000208c        0xc ./gecko_sdk_4.5.0/platform/service/sleeptimer/src/sl_sleeptimer_hal_rtcc.o
                0x0000208c                sleeptimer_hal_get_counter
 .text.sleeptimer_hal_set_compare
                0x00002098       0x5c ./gecko_sdk_4.5.0/platform/service/sleeptimer/src/sl_sleeptimer_hal_rtcc.o
                0x00002098                sleeptimer_hal_set_compare
 .text.sleeptimer_hal_enable_int
                0x000020f4       0x1c ./gecko_sdk_4.5.0/platform/service/sleeptimer/src/sl_sleeptimer_hal_rtcc.o
                0x000020f4                sleeptimer_hal_enable_int
 .text.sleeptimer_hal_disable_int
                0x00002110       0x30 ./gecko_sdk_4.5.0/platform/service/sleeptimer/src/sl_sleeptimer_hal_rtcc.o
                0x00002110                sleeptimer_hal_disable_int
 .text.sleeptimer_hal_set_int
                0x00002140       0x10 ./gecko_sdk_4.5.0/platform/service/sleeptimer/src/sl_sleeptimer_hal_rtcc.o
                0x00002140                sleeptimer_hal_set_int
 .text.RTCC_IRQHandler
                0x00002150       0x30 ./gecko_sdk_4.5.0/platform/service/sleeptimer/src/sl_sleeptimer_hal_rtcc.o
                0x00002150                RTCC_IRQHandler
 .text.sleeptimer_hal_get_timer_frequency
                0x00002180       0x18 ./gecko_sdk_4.5.0/platform/service/sleeptimer/src/sl_sleeptimer_hal_rtcc.o
                0x00002180                sleeptimer_hal_get_timer_frequency
 .text          0x00002198       0x30 c:/siliconlabs/simplicitystudio/v5/developer/toolchains/gnu_arm/12.2.rel1_2023.7/bin/../lib/gcc/arm-none-eabi/12.2.1/thumb/v7e-m+fp/softfp\libgcc.a(_aeabi_uldivmod.o)
                0x00002198                __aeabi_uldivmod
 .text.__udivmoddi4
                0x000021c8      0x2bc c:/siliconlabs/simplicitystudio/v5/developer/toolchains/gnu_arm/12.2.rel1_2023.7/bin/../lib/gcc/arm-none-eabi/12.2.1/thumb/v7e-m+fp/softfp\libgcc.a(_udivmoddi4.o)
                0x000021c8                __udivmoddi4
 .text          0x00002484        0x4 c:/siliconlabs/simplicitystudio/v5/developer/toolchains/gnu_arm/12.2.rel1_2023.7/bin/../lib/gcc/arm-none-eabi/12.2.1/thumb/v7e-m+fp/softfp\libgcc.a(_dvmd_tls.o)
                0x00002484                __aeabi_idiv0
                0x00002484                __aeabi_ldiv0
 .text.exit     0x00002488       0x24 c:/siliconlabs/simplicitystudio/v5/developer/toolchains/gnu_arm/12.2.rel1_2023.7/bin/../lib/gcc/arm-none-eabi/12.2.1/thumb/v7e-m+fp/softfp\libc_nano.a(libc_a-exit.o)
                0x00002488                exit
 .text.sprintf  0x000024ac       0x40 c:/siliconlabs/simplicitystudio/v5/developer/toolchains/gnu_arm/12.2.rel1_2023.7/bin/../lib/gcc/arm-none-eabi/12.2.1/thumb/v7e-m+fp/softfp\libc_nano.a(libc_a-sprintf.o)
                0x000024ac                siprintf
                0x000024ac                sprintf
 .text.__libc_init_array
                0x000024ec       0x48 c:/siliconlabs/simplicitystudio/v5/developer/toolchains/gnu_arm/12.2.rel1_2023.7/bin/../lib/gcc/arm-none-eabi/12.2.1/thumb/v7e-m+fp/softfp\libc_nano.a(libc_a-init.o)
                0x000024ec                __libc_init_array
 .text._free_r  0x00002534       0x94 c:/siliconlabs/simplicitystudio/v5/developer/toolchains/gnu_arm/12.2.rel1_2023.7/bin/../lib/gcc/arm-none-eabi/12.2.1/thumb/v7e-m+fp/softfp\libc_nano.a(libc_a-freer.o)
                0x00002534                _free_r
 .text.sbrk_aligned
                0x000025c8       0x44 c:/siliconlabs/simplicitystudio/v5/developer/toolchains/gnu_arm/12.2.rel1_2023.7/bin/../lib/gcc/arm-none-eabi/12.2.1/thumb/v7e-m+fp/softfp\libc_nano.a(libc_a-mallocr.o)
 .text._malloc_r
                0x0000260c       0xf0 c:/siliconlabs/simplicitystudio/v5/developer/toolchains/gnu_arm/12.2.rel1_2023.7/bin/../lib/gcc/arm-none-eabi/12.2.1/thumb/v7e-m+fp/softfp\libc_nano.a(libc_a-mallocr.o)
                0x0000260c                _malloc_r
 .text.__malloc_lock
                0x000026fc        0xc c:/siliconlabs/simplicitystudio/v5/developer/toolchains/gnu_arm/12.2.rel1_2023.7/bin/../lib/gcc/arm-none-eabi/12.2.1/thumb/v7e-m+fp/softfp\libc_nano.a(libc_a-mlock.o)
                0x000026fc                __malloc_lock
 .text.__malloc_unlock
                0x00002708        0xc c:/siliconlabs/simplicitystudio/v5/developer/toolchains/gnu_arm/12.2.rel1_2023.7/bin/../lib/gcc/arm-none-eabi/12.2.1/thumb/v7e-m+fp/softfp\libc_nano.a(libc_a-mlock.o)
                0x00002708                __malloc_unlock
 .text._svfprintf_r
                0x00002714      0x1f8 c:/siliconlabs/simplicitystudio/v5/developer/toolchains/gnu_arm/12.2.rel1_2023.7/bin/../lib/gcc/arm-none-eabi/12.2.1/thumb/v7e-m+fp/softfp\libc_nano.a(libc_a-nano-svfprintf.o)
                0x00002714                _svfiprintf_r
                0x00002714                _svfprintf_r
 .text._printf_i
                0x0000290c      0x258 c:/siliconlabs/simplicitystudio/v5/developer/toolchains/gnu_arm/12.2.rel1_2023.7/bin/../lib/gcc/arm-none-eabi/12.2.1/thumb/v7e-m+fp/softfp\libc_nano.a(libc_a-nano-vfprintf_i.o)
                0x0000290c                _printf_i
 .text._sbrk_r  0x00002b64       0x20 c:/siliconlabs/simplicitystudio/v5/developer/toolchains/gnu_arm/12.2.rel1_2023.7/bin/../lib/gcc/arm-none-eabi/12.2.1/thumb/v7e-m+fp/softfp\libc_nano.a(libc_a-sbrkr.o)
                0x00002b64                _sbrk_r
 .text.startup.main
                0x00002b84       0x10 ./main.o
                0x00002b84                main
 .text.sl_board_default_init
                0x00002b94        0x2 ./autogen/sl_board_default_init.o
                0x00002b94                sl_board_default_init
 .text.sl_driver_init
                0x00002b96        0x4 ./autogen/sl_event_handler.o
                0x00002b96                sl_driver_init
 .text.sl_service_init
                0x00002b9a        0xe ./autogen/sl_event_handler.o
                0x00002b9a                sl_service_init
 .text.sl_stack_init
                0x00002ba8        0x2 ./autogen/sl_event_handler.o
                0x00002ba8                sl_stack_init
 .text.sl_internal_app_init
                0x00002baa        0x2 ./autogen/sl_event_handler.o
                0x00002baa                sl_internal_app_init
 .text.sl_platform_process_action
                0x00002bac        0x2 ./autogen/sl_event_handler.o
                0x00002bac                sl_platform_process_action
 .text.sl_service_process_action
                0x00002bae        0x2 ./autogen/sl_event_handler.o
                0x00002bae                sl_service_process_action
 .text.sl_stack_process_action
                0x00002bb0        0x2 ./autogen/sl_event_handler.o
                0x00002bb0                sl_stack_process_action
 .text.sl_internal_app_process_action
                0x00002bb2        0x2 ./autogen/sl_event_handler.o
                0x00002bb2                sl_internal_app_process_action
 .text.sl_board_configure_vcom
                0x00002bb4        0x4 ./gecko_sdk_4.5.0/hardware/board/src/sl_board_control_gpio.o
                0x00002bb4                sl_board_configure_vcom
 .text.Default_Handler
                0x00002bb8        0x2 ./gecko_sdk_4.5.0/platform/Device/SiliconLabs/EFM32PG1B/Source/startup_efm32pg1b.o
                0x00002bb8                DebugMon_Handler
                0x00002bb8                USART0_TX_IRQHandler
                0x00002bb8                I2C0_IRQHandler
                0x00002bb8                HardFault_Handler
                0x00002bb8                SysTick_Handler
                0x00002bb8                USART1_RX_IRQHandler
                0x00002bb8                PendSV_Handler
                0x00002bb8                NMI_Handler
                0x00002bb8                WDOG0_IRQHandler
                0x00002bb8                USART1_TX_IRQHandler
                0x00002bb8                MSC_IRQHandler
                0x00002bb8                ADC0_IRQHandler
                0x00002bb8                UsageFault_Handler
                0x00002bb8                LEUART0_IRQHandler
                0x00002bb8                FPUEH_IRQHandler
                0x00002bb8                GPIO_EVEN_IRQHandler
                0x00002bb8                LDMA_IRQHandler
                0x00002bb8                LETIMER0_IRQHandler
                0x00002bb8                TIMER1_IRQHandler
                0x00002bb8                Default_Handler
                0x00002bb8                EMU_IRQHandler
                0x00002bb8                CRYOTIMER_IRQHandler
                0x00002bb8                PCNT0_IRQHandler
                0x00002bb8                sl_app_properties
                0x00002bb8                ACMP0_IRQHandler
                0x00002bb8                MemManage_Handler
                0x00002bb8                SVC_Handler
                0x00002bb8                CRYPTO_IRQHandler
                0x00002bb8                CMU_IRQHandler
                0x00002bb8                GPIO_ODD_IRQHandler
                0x00002bb8                BusFault_Handler
                0x00002bb8                IDAC0_IRQHandler
 .text.SystemLFRCOClockGet
                0x00002bba        0x6 ./gecko_sdk_4.5.0/platform/Device/SiliconLabs/EFM32PG1B/Source/system_efm32pg1b.o
                0x00002bba                SystemLFRCOClockGet
 .text.SystemULFRCOClockGet
                0x00002bc0        0x6 ./gecko_sdk_4.5.0/platform/Device/SiliconLabs/EFM32PG1B/Source/system_efm32pg1b.o
                0x00002bc0                SystemULFRCOClockGet
 .text.assertEFM
                0x00002bc6        0x2 ./gecko_sdk_4.5.0/platform/common/src/sl_assert.o
                0x00002bc6                assertEFM
 .text._exit    0x00002bc8        0x2 ./gecko_sdk_4.5.0/platform/common/src/sl_syscalls.o
                0x00002bc8                _exit
 .text.sl_led_init
                0x00002bca        0x6 ./gecko_sdk_4.5.0/platform/driver/leddrv/src/sl_led.o
                0x00002bca                sl_led_init
 .text.sl_simple_led_turn_on
                0x00002bd0       0x12 ./gecko_sdk_4.5.0/platform/driver/leddrv/src/sl_simple_led.o
                0x00002bd0                sl_simple_led_turn_on
 .text.sl_simple_led_turn_off
                0x00002be2       0x12 ./gecko_sdk_4.5.0/platform/driver/leddrv/src/sl_simple_led.o
                0x00002be2                sl_simple_led_turn_off
 .text.CMU_ClockDivGet
                0x00002bf4        0xa ./gecko_sdk_4.5.0/platform/emlib/src/em_cmu.o
                0x00002bf4                CMU_ClockDivGet
 .text.CORE_EnterCritical
                0x00002bfe        0x8 ./gecko_sdk_4.5.0/platform/emlib/src/em_core.o
                0x00002bfe                CORE_EnterCritical
 .text.CORE_ExitCritical
                0x00002c06        0x6 ./gecko_sdk_4.5.0/platform/emlib/src/em_core.o
                0x00002c06                CORE_ExitCritical
 .text.CORE_EnterAtomic
                0x00002c0c        0xc ./gecko_sdk_4.5.0/platform/emlib/src/em_core.o
                0x00002c0c                CORE_EnterAtomic
 .text.CORE_ExitAtomic
                0x00002c18        0x6 ./gecko_sdk_4.5.0/platform/emlib/src/em_core.o
                0x00002c18                CORE_ExitAtomic
 .text.BUS_RegMaskedWrite
                0x00002c1e       0x1e ./gecko_sdk_4.5.0/platform/emlib/src/em_gpio.o
 .text.USART_Rx
                0x00002c3c        0xc ./gecko_sdk_4.5.0/platform/emlib/src/em_usart.o
                0x00002c3c                USART_Rx
 .text.sl_device_init_emu
                0x00002c48       0x16 ./gecko_sdk_4.5.0/platform/service/device_init/src/sl_device_init_emu_s1.o
                0x00002c48                sl_device_init_emu
 .text.CMU_PrescToLog2.constprop.0
                0x00002c5e        0x4 ./gecko_sdk_4.5.0/platform/service/sleeptimer/src/sl_sleeptimer_hal_rtcc.o
 .text.sl_system_init
                0x00002c62       0x1a ./gecko_sdk_4.5.0/platform/service/system/src/sl_system_init.o
                0x00002c62                sl_system_init
 .text.sl_system_process_action
                0x00002c7c       0x16 ./gecko_sdk_4.5.0/platform/service/system/src/sl_system_process_action.o
                0x00002c7c                sl_system_process_action
 .text.memset   0x00002c92       0x10 c:/siliconlabs/simplicitystudio/v5/developer/toolchains/gnu_arm/12.2.rel1_2023.7/bin/../lib/gcc/arm-none-eabi/12.2.1/thumb/v7e-m+fp/softfp\libc_nano.a(libc_a-memset.o)
                0x00002c92                memset
 .text.strncmp  0x00002ca2       0x24 c:/siliconlabs/simplicitystudio/v5/developer/toolchains/gnu_arm/12.2.rel1_2023.7/bin/../lib/gcc/arm-none-eabi/12.2.1/thumb/v7e-m+fp/softfp\libc_nano.a(libc_a-strncmp.o)
                0x00002ca2                strncmp
 .text.__retarget_lock_acquire_recursive
                0x00002cc6        0x2 c:/siliconlabs/simplicitystudio/v5/developer/toolchains/gnu_arm/12.2.rel1_2023.7/bin/../lib/gcc/arm-none-eabi/12.2.1/thumb/v7e-m+fp/softfp\libc_nano.a(libc_a-lock.o)
                0x00002cc6                __retarget_lock_acquire_recursive
 .text.__retarget_lock_release_recursive
                0x00002cc8        0x2 c:/siliconlabs/simplicitystudio/v5/developer/toolchains/gnu_arm/12.2.rel1_2023.7/bin/../lib/gcc/arm-none-eabi/12.2.1/thumb/v7e-m+fp/softfp\libc_nano.a(libc_a-lock.o)
                0x00002cc8                __retarget_lock_release_recursive
 .text          0x00002cca       0x14 c:/siliconlabs/simplicitystudio/v5/developer/toolchains/gnu_arm/12.2.rel1_2023.7/bin/../lib/gcc/arm-none-eabi/12.2.1/thumb/v7e-m+fp/softfp\libc_nano.a(libc_a-strcmp.o)
                0x00002cca                strcmp
 .text.__ssputs_r
                0x00002cde       0xb6 c:/siliconlabs/simplicitystudio/v5/developer/toolchains/gnu_arm/12.2.rel1_2023.7/bin/../lib/gcc/arm-none-eabi/12.2.1/thumb/v7e-m+fp/softfp\libc_nano.a(libc_a-nano-svfprintf.o)
                0x00002cde                __ssputs_r
 .text._printf_common
                0x00002d94       0xda c:/siliconlabs/simplicitystudio/v5/developer/toolchains/gnu_arm/12.2.rel1_2023.7/bin/../lib/gcc/arm-none-eabi/12.2.1/thumb/v7e-m+fp/softfp\libc_nano.a(libc_a-nano-vfprintf_i.o)
                0x00002d94                _printf_common
 .text.memmove  0x00002e6e       0x34 c:/siliconlabs/simplicitystudio/v5/developer/toolchains/gnu_arm/12.2.rel1_2023.7/bin/../lib/gcc/arm-none-eabi/12.2.1/thumb/v7e-m+fp/softfp\libc_nano.a(libc_a-memmove.o)
                0x00002e6e                memmove
 .text.memcpy   0x00002ea2       0x1c c:/siliconlabs/simplicitystudio/v5/developer/toolchains/gnu_arm/12.2.rel1_2023.7/bin/../lib/gcc/arm-none-eabi/12.2.1/thumb/v7e-m+fp/softfp\libc_nano.a(libc_a-memcpy-stub.o)
                0x00002ea2                memcpy
 .text._realloc_r
                0x00002ebe       0x5c c:/siliconlabs/simplicitystudio/v5/developer/toolchains/gnu_arm/12.2.rel1_2023.7/bin/../lib/gcc/arm-none-eabi/12.2.1/thumb/v7e-m+fp/softfp\libc_nano.a(libc_a-reallocr.o)
                0x00002ebe                _realloc_r
 .text._malloc_usable_size_r
                0x00002f1a       0x10 c:/siliconlabs/simplicitystudio/v5/developer/toolchains/gnu_arm/12.2.rel1_2023.7/bin/../lib/gcc/arm-none-eabi/12.2.1/thumb/v7e-m+fp/softfp\libc_nano.a(libc_a-msizer.o)
                0x00002f1a                _malloc_usable_size_r
                0x00002f40                . = ALIGN (0x20)
 *fill*         0x00002f2a       0x16 
                0x00002f40                linker_code_end = .
 *(.init)
 .init          0x00002f40        0x4 c:/siliconlabs/simplicitystudio/v5/developer/toolchains/gnu_arm/12.2.rel1_2023.7/bin/../lib/gcc/arm-none-eabi/12.2.1/thumb/v7e-m+fp/softfp/crti.o
                0x00002f40                _init
 .init          0x00002f44        0x8 c:/siliconlabs/simplicitystudio/v5/developer/toolchains/gnu_arm/12.2.rel1_2023.7/bin/../lib/gcc/arm-none-eabi/12.2.1/thumb/v7e-m+fp/softfp/crtn.o
 *(.fini)
 .fini          0x00002f4c        0x4 c:/siliconlabs/simplicitystudio/v5/developer/toolchains/gnu_arm/12.2.rel1_2023.7/bin/../lib/gcc/arm-none-eabi/12.2.1/thumb/v7e-m+fp/softfp/crti.o
                0x00002f4c                _fini
 .fini          0x00002f50        0x8 c:/siliconlabs/simplicitystudio/v5/developer/toolchains/gnu_arm/12.2.rel1_2023.7/bin/../lib/gcc/arm-none-eabi/12.2.1/thumb/v7e-m+fp/softfp/crtn.o
 *crtbegin.o(.ctors)
 *crtbegin?.o(.ctors)
 *(EXCLUDE_FILE(*crtend.o *crtend?.o) .ctors)
 *(SORT_BY_NAME(.ctors.*))
 *(.ctors)
 *crtbegin.o(.dtors)
 *crtbegin?.o(.dtors)
 *(EXCLUDE_FILE(*crtend.o *crtend?.o) .dtors)
 *(SORT_BY_NAME(.dtors.*))
 *(.dtors)
                0x00002f58                __code_classification_validator_start__ = .
                0x00002f78                . = (. + 0x20)
 *fill*         0x00002f58       0x20 
 *(code_classification_validator)
                0x00002f80                . = ALIGN (0x20)
 *fill*         0x00002f78        0x8 
                0x00002f80                __code_classification_validator_end__ = .
 *(.rodata*)
 .rodata.SendNormalDetection.str1.1
                0x00002f80       0x16 ./app.o
 .rodata.SendNoDetection.str1.1
                0x00002f96        0xa ./app.o
 .rodata.TIMER0_IRQHandler.str1.1
                0x00002fa0       0x13 ./app.o
 .rodata.UART_CommandHandler.str1.1
                0x00002fb3       0x2b ./app.o
 *fill*         0x00002fde        0x2 
 .rodata        0x00002fe0       0x1c ./app.o
 .rodata.sl_led_led0
                0x00002ffc       0x18 ./autogen/sl_simple_led_instances.o
                0x00002ffc                sl_led_led0
 .rodata.GPIO_PinOutClear.str1.1
                0x00003014       0x4c ./gecko_sdk_4.5.0/platform/driver/leddrv/src/sl_simple_led.o
 .rodata.CSWTCH.34
                0x00003060        0xc ./gecko_sdk_4.5.0/platform/driver/leddrv/src/sl_simple_led.o
 .rodata.CMU_AUXHFRCOBandSet.str1.1
                0x0000306c       0x4b ./gecko_sdk_4.5.0/platform/emlib/src/em_cmu.o
 *fill*         0x000030b7        0x1 
 .rodata.CSWTCH.71
                0x000030b8        0xa ./gecko_sdk_4.5.0/platform/emlib/src/em_cmu.o
 .rodata.CSWTCH.70
                0x000030c2        0xa ./gecko_sdk_4.5.0/platform/emlib/src/em_cmu.o
 .rodata.CSWTCH.69
                0x000030cc        0x5 ./gecko_sdk_4.5.0/platform/emlib/src/em_cmu.o
 .rodata.CSWTCH.68
                0x000030d1        0x5 ./gecko_sdk_4.5.0/platform/emlib/src/em_cmu.o
 .rodata.vmonCalibratedThreshold.str1.1
                0x000030d6       0x4b ./gecko_sdk_4.5.0/platform/emlib/src/em_emu.o
 .rodata.GPIO_PinOutSet.str1.1
                0x00003121       0x4c ./gecko_sdk_4.5.0/platform/emlib/src/em_gpio.o
 .rodata.GPIO_DbgLocationSet.str1.1
                0x00003121       0x4c ./gecko_sdk_4.5.0/platform/emlib/src/em_gpio.o
 *fill*         0x0000316d        0x1 
 .rodata.CSWTCH.48
                0x0000316e        0xc ./gecko_sdk_4.5.0/platform/emlib/src/em_gpio.o
 .rodata.RTCC_ChannelInit.str1.1
                0x0000317a       0x4c ./gecko_sdk_4.5.0/platform/emlib/src/em_rtcc.o
 .rodata.SYSTEM_ChipRevisionGet.str1.1
                0x000031c6       0x4e ./gecko_sdk_4.5.0/platform/emlib/src/em_system.o
 .rodata.TIMER_Init.str1.1
                0x00003214       0x4d ./gecko_sdk_4.5.0/platform/emlib/src/em_timer.o
 .rodata.USART_BaudrateAsyncSet.str1.1
                0x00003261       0x4d ./gecko_sdk_4.5.0/platform/emlib/src/em_usart.o
 .rodata        0x000032ae       0x10 ./gecko_sdk_4.5.0/platform/service/device_init/src/sl_device_init_dcdc_s1.o
 .rodata        0x000032be       0x12 ./gecko_sdk_4.5.0/platform/service/device_init/src/sl_device_init_hfxo_s1.o
 .rodata        0x000032d0        0x4 ./gecko_sdk_4.5.0/platform/service/device_init/src/sl_device_init_lfxo_s1.o
 .rodata.process_timer_irq.str1.1
                0x000032d4       0x5f ./gecko_sdk_4.5.0/platform/service/sleeptimer/src/sl_sleeptimer.o
 .rodata        0x00003333       0x10 ./gecko_sdk_4.5.0/platform/service/sleeptimer/src/sl_sleeptimer_hal_rtcc.o
 .rodata._svfprintf_r.str1.1
                0x00003343       0x11 c:/siliconlabs/simplicitystudio/v5/developer/toolchains/gnu_arm/12.2.rel1_2023.7/bin/../lib/gcc/arm-none-eabi/12.2.1/thumb/v7e-m+fp/softfp\libc_nano.a(libc_a-nano-svfprintf.o)
 .rodata._printf_i.str1.1
                0x00003354       0x22 c:/siliconlabs/simplicitystudio/v5/developer/toolchains/gnu_arm/12.2.rel1_2023.7/bin/../lib/gcc/arm-none-eabi/12.2.1/thumb/v7e-m+fp/softfp\libc_nano.a(libc_a-nano-vfprintf_i.o)
 *(.eh_frame*)
 *fill*         0x00003376        0x2 
 .eh_frame      0x00003378        0x0 c:/siliconlabs/simplicitystudio/v5/developer/toolchains/gnu_arm/12.2.rel1_2023.7/bin/../lib/gcc/arm-none-eabi/12.2.1/thumb/v7e-m+fp/softfp/crtbegin.o

.glue_7         0x00003378        0x0
 .glue_7        0x00003378        0x0 linker stubs

.glue_7t        0x00003378        0x0
 .glue_7t       0x00003378        0x0 linker stubs

.vfp11_veneer   0x00003378        0x0
 .vfp11_veneer  0x00003378        0x0 linker stubs

.v4_bx          0x00003378        0x0
 .v4_bx         0x00003378        0x0 linker stubs

.iplt           0x00003378        0x0
 .iplt          0x00003378        0x0 c:/siliconlabs/simplicitystudio/v5/developer/toolchains/gnu_arm/12.2.rel1_2023.7/bin/../lib/gcc/arm-none-eabi/12.2.1/thumb/v7e-m+fp/softfp/crtbegin.o

.ARM.extab
 *(.ARM.extab* .gnu.linkonce.armextab.*)
                0x00003378                __exidx_start = .

.ARM.exidx      0x00003378        0x8
 *(.ARM.exidx* .gnu.linkonce.armexidx.*)
 .ARM.exidx     0x00003378        0x8 c:/siliconlabs/simplicitystudio/v5/developer/toolchains/gnu_arm/12.2.rel1_2023.7/bin/../lib/gcc/arm-none-eabi/12.2.1/thumb/v7e-m+fp/softfp/crt0.o
                                 0x10 (size before relaxing)
 .ARM.exidx.text.__udivmoddi4
                0x00003380        0x0 c:/siliconlabs/simplicitystudio/v5/developer/toolchains/gnu_arm/12.2.rel1_2023.7/bin/../lib/gcc/arm-none-eabi/12.2.1/thumb/v7e-m+fp/softfp\libgcc.a(_udivmoddi4.o)
                                  0x8 (size before relaxing)
                0x00003380                __exidx_end = .

.rel.dyn        0x00003380        0x0
 .rel.iplt      0x00003380        0x0 c:/siliconlabs/simplicitystudio/v5/developer/toolchains/gnu_arm/12.2.rel1_2023.7/bin/../lib/gcc/arm-none-eabi/12.2.1/thumb/v7e-m+fp/softfp/crtbegin.o

.copy.table     0x00003380        0xc
                0x00003380                . = ALIGN (0x4)
                0x00003380                __copy_table_start__ = .
                0x00003380        0x4 LONG 0x338c __etext
                0x00003384        0x4 LONG 0x20001000 __data_start__
                0x00003388        0x4 LONG 0x1e ((__data_end__ - __data_start__) / 0x4)
                0x0000338c                __copy_table_end__ = .

.zero.table     0x0000338c        0x0
                0x0000338c                . = ALIGN (0x4)
                0x0000338c                __zero_table_start__ = .
                0x0000338c                __zero_table_end__ = .
                0x0000338c                __etext = .
                0x20000000                . = ORIGIN (RAM)

.stack          0x20000000     0x1000
                0x20000000                __StackLimit = .
 *(.stack*)
 .stack         0x20000000     0x1000 ./gecko_sdk_4.5.0/platform/common/toolchain/src/sl_memory.o
                0x20001000                . = ALIGN (0x4)
                0x20001000                __StackTop = .
                0x20001000                PROVIDE (__stack = __StackTop)

.noinit
 *(.noinit*)

.data           0x20001000       0x78 load address 0x0000338c
                0x20001000                . = ALIGN (0x4)
                0x20001000                __data_start__ = .
 *(vtable)
 *(SORT_BY_ALIGNMENT(.data*))
 .data.SystemHfrcoFreq
                0x20001000        0x4 ./gecko_sdk_4.5.0/platform/Device/SiliconLabs/EFM32PG1B/Source/system_efm32pg1b.o
                0x20001000                SystemHfrcoFreq
 .data.SystemCoreClock
                0x20001004        0x4 ./gecko_sdk_4.5.0/platform/Device/SiliconLabs/EFM32PG1B/Source/system_efm32pg1b.o
                0x20001004                SystemCoreClock
 .data.SystemLFXOClock
                0x20001008        0x4 ./gecko_sdk_4.5.0/platform/Device/SiliconLabs/EFM32PG1B/Source/system_efm32pg1b.o
 .data.SystemHFXOClock
                0x2000100c        0x4 ./gecko_sdk_4.5.0/platform/Device/SiliconLabs/EFM32PG1B/Source/system_efm32pg1b.o
 .data.heap_end.0
                0x20001010        0x4 ./gecko_sdk_4.5.0/platform/common/toolchain/src/sl_memory.o
 .data.auxHfrcoFreq
                0x20001014        0x4 ./gecko_sdk_4.5.0/platform/emlib/src/em_cmu.o
 .data._impure_ptr
                0x20001018        0x4 c:/siliconlabs/simplicitystudio/v5/developer/toolchains/gnu_arm/12.2.rel1_2023.7/bin/../lib/gcc/arm-none-eabi/12.2.1/thumb/v7e-m+fp/softfp\libc_nano.a(libc_a-impure.o)
                0x20001018                _impure_ptr
 .data._impure_data
                0x2000101c       0x4c c:/siliconlabs/simplicitystudio/v5/developer/toolchains/gnu_arm/12.2.rel1_2023.7/bin/../lib/gcc/arm-none-eabi/12.2.1/thumb/v7e-m+fp/softfp\libc_nano.a(libc_a-impure.o)
                0x2000101c                _impure_data
 .data.hfxo_precision
                0x20001068        0x2 ./gecko_sdk_4.5.0/platform/emlib/src/em_cmu.o
 .data.lfxo_precision
                0x2000106a        0x2 ./gecko_sdk_4.5.0/platform/emlib/src/em_cmu.o
 .data.simple_led0_context
                0x2000106c        0x3 ./autogen/sl_simple_led_instances.o
                0x2000106c                simple_led0_context
 .data.cc_disabled
                0x2000106f        0x1 ./gecko_sdk_4.5.0/platform/service/sleeptimer/src/sl_sleeptimer_hal_rtcc.o
                0x20001070                . = ALIGN (0x4)
                [!provide]                PROVIDE (__ram_func_section_start = .)
 *(.ram)
                [!provide]                PROVIDE (__ram_func_section_end = .)
                0x20001070                . = ALIGN (0x4)
                0x20001070                PROVIDE (__preinit_array_start = .)
 *(.preinit_array)
                0x20001070                PROVIDE (__preinit_array_end = .)
                0x20001070                . = ALIGN (0x4)
                0x20001070                PROVIDE (__init_array_start = .)
 *(SORT_BY_NAME(.init_array.*))
 *(.init_array)
 .init_array    0x20001070        0x4 c:/siliconlabs/simplicitystudio/v5/developer/toolchains/gnu_arm/12.2.rel1_2023.7/bin/../lib/gcc/arm-none-eabi/12.2.1/thumb/v7e-m+fp/softfp/crtbegin.o
                0x20001074                PROVIDE (__init_array_end = .)
                0x20001074                . = ALIGN (0x4)
                [!provide]                PROVIDE (__fini_array_start = .)
 *(SORT_BY_NAME(.fini_array.*))
 *(.fini_array)
 .fini_array    0x20001074        0x4 c:/siliconlabs/simplicitystudio/v5/developer/toolchains/gnu_arm/12.2.rel1_2023.7/bin/../lib/gcc/arm-none-eabi/12.2.1/thumb/v7e-m+fp/softfp/crtbegin.o
                [!provide]                PROVIDE (__fini_array_end = .)
                0x20001078                . = ALIGN (0x4)
                0x20001078                __data_end__ = .

.tm_clone_table
                0x20001078        0x0 load address 0x00003404
 .tm_clone_table
                0x20001078        0x0 c:/siliconlabs/simplicitystudio/v5/developer/toolchains/gnu_arm/12.2.rel1_2023.7/bin/../lib/gcc/arm-none-eabi/12.2.1/thumb/v7e-m+fp/softfp/crtbegin.o
 .tm_clone_table
                0x20001078        0x0 c:/siliconlabs/simplicitystudio/v5/developer/toolchains/gnu_arm/12.2.rel1_2023.7/bin/../lib/gcc/arm-none-eabi/12.2.1/thumb/v7e-m+fp/softfp/crtend.o

.igot.plt       0x20001078        0x0 load address 0x00003404
 .igot.plt      0x20001078        0x0 c:/siliconlabs/simplicitystudio/v5/developer/toolchains/gnu_arm/12.2.rel1_2023.7/bin/../lib/gcc/arm-none-eabi/12.2.1/thumb/v7e-m+fp/softfp/crtbegin.o

.bss            0x20001078      0x1a4 load address 0x00003404
                0x20001078                . = ALIGN (0x4)
                0x20001078                __bss_start__ = .
 *(SORT_BY_ALIGNMENT(.bss*))
 .bss.object.0  0x20001078       0x18 c:/siliconlabs/simplicitystudio/v5/developer/toolchains/gnu_arm/12.2.rel1_2023.7/bin/../lib/gcc/arm-none-eabi/12.2.1/thumb/v7e-m+fp/softfp/crtbegin.o
 .bss.pulse_count
                0x20001090        0x4 ./app.o
 .bss.max_millisecond_conversion
                0x20001094        0x4 ./gecko_sdk_4.5.0/platform/service/sleeptimer/src/sl_sleeptimer.o
 .bss.last_delta_update_count
                0x20001098        0x4 ./gecko_sdk_4.5.0/platform/service/sleeptimer/src/sl_sleeptimer.o
 .bss.timer_head
                0x2000109c        0x4 ./gecko_sdk_4.5.0/platform/service/sleeptimer/src/sl_sleeptimer.o
 .bss.timer_frequency
                0x200010a0        0x4 ./gecko_sdk_4.5.0/platform/service/sleeptimer/src/sl_sleeptimer.o
 .bss.__sf      0x200010a4      0x138 c:/siliconlabs/simplicitystudio/v5/developer/toolchains/gnu_arm/12.2.rel1_2023.7/bin/../lib/gcc/arm-none-eabi/12.2.1/thumb/v7e-m+fp/softfp\libc_nano.a(libc_a-findfp.o)
                0x200010a4                __sf
 .bss.__stdio_exit_handler
                0x200011dc        0x4 c:/siliconlabs/simplicitystudio/v5/developer/toolchains/gnu_arm/12.2.rel1_2023.7/bin/../lib/gcc/arm-none-eabi/12.2.1/thumb/v7e-m+fp/softfp\libc_nano.a(libc_a-findfp.o)
                0x200011dc                __stdio_exit_handler
 .bss.errno     0x200011e0        0x4 c:/siliconlabs/simplicitystudio/v5/developer/toolchains/gnu_arm/12.2.rel1_2023.7/bin/../lib/gcc/arm-none-eabi/12.2.1/thumb/v7e-m+fp/softfp\libc_nano.a(libc_a-reent.o)
                0x200011e0                errno
 .bss.__malloc_sbrk_start
                0x200011e4        0x4 c:/siliconlabs/simplicitystudio/v5/developer/toolchains/gnu_arm/12.2.rel1_2023.7/bin/../lib/gcc/arm-none-eabi/12.2.1/thumb/v7e-m+fp/softfp\libc_nano.a(libc_a-mallocr.o)
                0x200011e4                __malloc_sbrk_start
 .bss.__malloc_free_list
                0x200011e8        0x4 c:/siliconlabs/simplicitystudio/v5/developer/toolchains/gnu_arm/12.2.rel1_2023.7/bin/../lib/gcc/arm-none-eabi/12.2.1/thumb/v7e-m+fp/softfp\libc_nano.a(libc_a-mallocr.o)
                0x200011e8                __malloc_free_list
 .bss.dcdcReverseCurrentControl
                0x200011ec        0x2 ./gecko_sdk_4.5.0/platform/emlib/src/em_emu.o
 .bss.dcdcEm01LoadCurrent_mA
                0x200011ee        0x2 ./gecko_sdk_4.5.0/platform/emlib/src/em_emu.o
 .bss.dcdcMaxCurrent_mA
                0x200011f0        0x2 ./gecko_sdk_4.5.0/platform/emlib/src/em_emu.o
 .bss.overflow_counter
                0x200011f2        0x2 ./gecko_sdk_4.5.0/platform/service/sleeptimer/src/sl_sleeptimer.o
 .bss.completed.1
                0x200011f4        0x1 c:/siliconlabs/simplicitystudio/v5/developer/toolchains/gnu_arm/12.2.rel1_2023.7/bin/../lib/gcc/arm-none-eabi/12.2.1/thumb/v7e-m+fp/softfp/crtbegin.o
 .bss.cmd_idx   0x200011f5        0x1 ./app.o
 .bss.cmd_buf   0x200011f6       0x20 ./app.o
 .bss.scenario  0x20001216        0x1 ./app.o
 .bss.errataFixDcdcHsState
                0x20001217        0x1 ./gecko_sdk_4.5.0/platform/emlib/src/em_emu.o
 .bss.sleep_on_isr_exit
                0x20001218        0x1 ./gecko_sdk_4.5.0/platform/service/sleeptimer/src/sl_sleeptimer.o
 .bss.next_timer_to_expire_is_power_manager
                0x20001219        0x1 ./gecko_sdk_4.5.0/platform/service/sleeptimer/src/sl_sleeptimer.o
 .bss.is_sleeptimer_initialized
                0x2000121a        0x1 ./gecko_sdk_4.5.0/platform/service/sleeptimer/src/sl_sleeptimer.o
 .bss.__lock___malloc_recursive_mutex
                0x2000121b        0x1 c:/siliconlabs/simplicitystudio/v5/developer/toolchains/gnu_arm/12.2.rel1_2023.7/bin/../lib/gcc/arm-none-eabi/12.2.1/thumb/v7e-m+fp/softfp\libc_nano.a(libc_a-lock.o)
                0x2000121b                __lock___malloc_recursive_mutex
 *(COMMON)
                0x2000121c                . = ALIGN (0x4)
                0x2000121c                __bss_end__ = .
                0x2000121c                __ramfuncs_start__ = .
                0x2000121c                __vma_ramfuncs_start__ = .
                0x00003404                __lma_ramfuncs_start__ = (__etext + SIZEOF (.data))
                0x00000000                __text_application_ram_offset__ = (. - __vma_ramfuncs_start__)

text_application_ram
                0x2000121c        0x0 load address 0x00003404
                0x2000121c                . = ALIGN (0x4)
                0x2000121c                __text_application_ram_start__ = .
 *(text_application_ram)
                0x2000121c                . = ALIGN (0x4)
                0x2000121c                __text_application_ram_end__ = .
                0x2000121c                . = ALIGN (0x4)
                0x2000121c                __vma_ramfuncs_end__ = .
                0x00003404                __lma_ramfuncs_end__ = ((__lma_ramfuncs_start__ + __text_application_ram_offset__) + SIZEOF (text_application_ram))
                0x2000121c                __ramfuncs_end__ = .

.heap           0x20001220      0x800
                0x20001220                __HeapBase = .
                0x20001220                __end__ = .
                0x20001220                end = __end__
                0x20001220                _end = __end__
 *(.heap*)
 .heap          0x20001220      0x800 ./gecko_sdk_4.5.0/platform/common/toolchain/src/sl_memory.o
                0x20008000                __HeapLimit = (ORIGIN (RAM) + LENGTH (RAM))
                0x00006de0                __heap_size = (__HeapLimit - __HeapBase)
                0x20008000                __ram_end__ = 0x20008000
                0x00040000                __main_flash_end__ = 0x40000

.internal_storage
 *(.internal_storage*)

.nvm
 *(.simee*)
                0x00040000                linker_nvm_end = __main_flash_end__
                0x00040000                linker_nvm_begin = (linker_nvm_end - SIZEOF (.nvm))
                0x00000000                linker_nvm_size = SIZEOF (.nvm)
                0x00040000                linker_storage_end = linker_nvm_begin
                0x00040000                __nvm3Base = linker_nvm_begin
                0x00040000                linker_storage_begin = (linker_storage_end - SIZEOF (.internal_storage))
                0x00000000                linker_storage_size = SIZEOF (.internal_storage)
                0x00000001                ASSERT ((linker_storage_begin >= (__etext + SIZEOF (.data))), FLASH memory overflowed !)
OUTPUT(radar_sim.axf elf32-littlearm)
LOAD linker stubs

.ARM.attributes
                0x00000000       0x2e
 .ARM.attributes
                0x00000000       0x22 c:/siliconlabs/simplicitystudio/v5/developer/toolchains/gnu_arm/12.2.rel1_2023.7/bin/../lib/gcc/arm-none-eabi/12.2.1/thumb/v7e-m+fp/softfp/crti.o
 .ARM.attributes
                0x00000022       0x32 c:/siliconlabs/simplicitystudio/v5/developer/toolchains/gnu_arm/12.2.rel1_2023.7/bin/../lib/gcc/arm-none-eabi/12.2.1/thumb/v7e-m+fp/softfp/crtbegin.o
 .ARM.attributes
                0x00000054       0x20 c:/siliconlabs/simplicitystudio/v5/developer/toolchains/gnu_arm/12.2.rel1_2023.7/bin/../lib/gcc/arm-none-eabi/12.2.1/thumb/v7e-m+fp/softfp/crt0.o
 .ARM.attributes
                0x00000074       0x32 ./app.o
 .ARM.attributes
                0x000000a6       0x32 ./main.o
 .ARM.attributes
                0x000000d8       0x32 ./autogen/sl_board_default_init.o
 .ARM.attributes
                0x0000010a       0x32 ./autogen/sl_device_init_clocks.o
 .ARM.attributes
                0x0000013c       0x32 ./autogen/sl_event_handler.o
 .ARM.attributes
                0x0000016e       0x32 ./autogen/sl_simple_led_instances.o
 .ARM.attributes
                0x000001a0       0x32 ./gecko_sdk_4.5.0/hardware/board/src/sl_board_control_gpio.o
 .ARM.attributes
                0x000001d2       0x32 ./gecko_sdk_4.5.0/hardware/board/src/sl_board_init.o
 .ARM.attributes
                0x00000204       0x32 ./gecko_sdk_4.5.0/platform/Device/SiliconLabs/EFM32PG1B/Source/startup_efm32pg1b.o
 .ARM.attributes
                0x00000236       0x32 ./gecko_sdk_4.5.0/platform/Device/SiliconLabs/EFM32PG1B/Source/system_efm32pg1b.o
 .ARM.attributes
                0x00000268       0x32 ./gecko_sdk_4.5.0/platform/common/src/sl_assert.o
 .ARM.attributes
                0x0000029a       0x32 ./gecko_sdk_4.5.0/platform/common/src/sl_syscalls.o
 .ARM.attributes
                0x000002cc       0x32 ./gecko_sdk_4.5.0/platform/common/toolchain/src/sl_memory.o
 .ARM.attributes
                0x000002fe       0x32 ./gecko_sdk_4.5.0/platform/driver/leddrv/src/sl_led.o
 .ARM.attributes
                0x00000330       0x32 ./gecko_sdk_4.5.0/platform/driver/leddrv/src/sl_simple_led.o
 .ARM.attributes
                0x00000362       0x32 ./gecko_sdk_4.5.0/platform/emlib/src/em_cmu.o
 .ARM.attributes
                0x00000394       0x32 ./gecko_sdk_4.5.0/platform/emlib/src/em_core.o
 .ARM.attributes
                0x000003c6       0x32 ./gecko_sdk_4.5.0/platform/emlib/src/em_emu.o
 .ARM.attributes
                0x000003f8       0x32 ./gecko_sdk_4.5.0/platform/emlib/src/em_gpio.o
 .ARM.attributes
                0x0000042a       0x32 ./gecko_sdk_4.5.0/platform/emlib/src/em_rtcc.o
 .ARM.attributes
                0x0000045c       0x32 ./gecko_sdk_4.5.0/platform/emlib/src/em_system.o
 .ARM.attributes
                0x0000048e       0x32 ./gecko_sdk_4.5.0/platform/emlib/src/em_timer.o
 .ARM.attributes
                0x000004c0       0x32 ./gecko_sdk_4.5.0/platform/emlib/src/em_usart.o
 .ARM.attributes
                0x000004f2       0x32 ./gecko_sdk_4.5.0/platform/service/device_init/src/sl_device_init_dcdc_s1.o
 .ARM.attributes
                0x00000524       0x32 ./gecko_sdk_4.5.0/platform/service/device_init/src/sl_device_init_emu_s1.o
 .ARM.attributes
                0x00000556       0x32 ./gecko_sdk_4.5.0/platform/service/device_init/src/sl_device_init_hfxo_s1.o
 .ARM.attributes
                0x00000588       0x32 ./gecko_sdk_4.5.0/platform/service/device_init/src/sl_device_init_lfxo_s1.o
 .ARM.attributes
                0x000005ba       0x32 ./gecko_sdk_4.5.0/platform/service/device_init/src/sl_device_init_nvic.o
 .ARM.attributes
                0x000005ec       0x32 ./gecko_sdk_4.5.0/platform/service/sleeptimer/src/sl_sleeptimer.o
 .ARM.attributes
                0x0000061e       0x32 ./gecko_sdk_4.5.0/platform/service/sleeptimer/src/sl_sleeptimer_hal_rtcc.o
 .ARM.attributes
                0x00000650       0x32 ./gecko_sdk_4.5.0/platform/service/system/src/sl_system_init.o
 .ARM.attributes
                0x00000682       0x32 ./gecko_sdk_4.5.0/platform/service/system/src/sl_system_process_action.o
 .ARM.attributes
                0x000006b4       0x22 c:/siliconlabs/simplicitystudio/v5/developer/toolchains/gnu_arm/12.2.rel1_2023.7/bin/../lib/gcc/arm-none-eabi/12.2.1/thumb/v7e-m+fp/softfp\libgcc.a(_aeabi_uldivmod.o)
 .ARM.attributes
                0x000006d6       0x32 c:/siliconlabs/simplicitystudio/v5/developer/toolchains/gnu_arm/12.2.rel1_2023.7/bin/../lib/gcc/arm-none-eabi/12.2.1/thumb/v7e-m+fp/softfp\libgcc.a(_udivmoddi4.o)
 .ARM.attributes
                0x00000708       0x22 c:/siliconlabs/simplicitystudio/v5/developer/toolchains/gnu_arm/12.2.rel1_2023.7/bin/../lib/gcc/arm-none-eabi/12.2.1/thumb/v7e-m+fp/softfp\libgcc.a(_dvmd_tls.o)
 .ARM.attributes
                0x0000072a       0x32 c:/siliconlabs/simplicitystudio/v5/developer/toolchains/gnu_arm/12.2.rel1_2023.7/bin/../lib/gcc/arm-none-eabi/12.2.1/thumb/v7e-m+fp/softfp\libc_nano.a(libc_a-exit.o)
 .ARM.attributes
                0x0000075c       0x32 c:/siliconlabs/simplicitystudio/v5/developer/toolchains/gnu_arm/12.2.rel1_2023.7/bin/../lib/gcc/arm-none-eabi/12.2.1/thumb/v7e-m+fp/softfp\libc_nano.a(libc_a-findfp.o)
 .ARM.attributes
                0x0000078e       0x32 c:/siliconlabs/simplicitystudio/v5/developer/toolchains/gnu_arm/12.2.rel1_2023.7/bin/../lib/gcc/arm-none-eabi/12.2.1/thumb/v7e-m+fp/softfp\libc_nano.a(libc_a-sprintf.o)
 .ARM.attributes
                0x000007c0       0x32 c:/siliconlabs/simplicitystudio/v5/developer/toolchains/gnu_arm/12.2.rel1_2023.7/bin/../lib/gcc/arm-none-eabi/12.2.1/thumb/v7e-m+fp/softfp\libc_nano.a(libc_a-memset.o)
 .ARM.attributes
                0x000007f2       0x32 c:/siliconlabs/simplicitystudio/v5/developer/toolchains/gnu_arm/12.2.rel1_2023.7/bin/../lib/gcc/arm-none-eabi/12.2.1/thumb/v7e-m+fp/softfp\libc_nano.a(libc_a-strncmp.o)
 .ARM.attributes
                0x00000824       0x32 c:/siliconlabs/simplicitystudio/v5/developer/toolchains/gnu_arm/12.2.rel1_2023.7/bin/../lib/gcc/arm-none-eabi/12.2.1/thumb/v7e-m+fp/softfp\libc_nano.a(libc_a-reent.o)
 .ARM.attributes
                0x00000856       0x32 c:/siliconlabs/simplicitystudio/v5/developer/toolchains/gnu_arm/12.2.rel1_2023.7/bin/../lib/gcc/arm-none-eabi/12.2.1/thumb/v7e-m+fp/softfp\libc_nano.a(libc_a-impure.o)
 .ARM.attributes
                0x00000888       0x32 c:/siliconlabs/simplicitystudio/v5/developer/toolchains/gnu_arm/12.2.rel1_2023.7/bin/../lib/gcc/arm-none-eabi/12.2.1/thumb/v7e-m+fp/softfp\libc_nano.a(libc_a-init.o)
 .ARM.attributes
                0x000008ba       0x32 c:/siliconlabs/simplicitystudio/v5/developer/toolchains/gnu_arm/12.2.rel1_2023.7/bin/../lib/gcc/arm-none-eabi/12.2.1/thumb/v7e-m+fp/softfp\libc_nano.a(libc_a-lock.o)
 .ARM.attributes
                0x000008ec       0x20 c:/siliconlabs/simplicitystudio/v5/developer/toolchains/gnu_arm/12.2.rel1_2023.7/bin/../lib/gcc/arm-none-eabi/12.2.1/thumb/v7e-m+fp/softfp\libc_nano.a(libc_a-strcmp.o)
 .ARM.attributes
                0x0000090c       0x32 c:/siliconlabs/simplicitystudio/v5/developer/toolchains/gnu_arm/12.2.rel1_2023.7/bin/../lib/gcc/arm-none-eabi/12.2.1/thumb/v7e-m+fp/softfp\libc_nano.a(libc_a-freer.o)
 .ARM.attributes
                0x0000093e       0x32 c:/siliconlabs/simplicitystudio/v5/developer/toolchains/gnu_arm/12.2.rel1_2023.7/bin/../lib/gcc/arm-none-eabi/12.2.1/thumb/v7e-m+fp/softfp\libc_nano.a(libc_a-mallocr.o)
 .ARM.attributes
                0x00000970       0x32 c:/siliconlabs/simplicitystudio/v5/developer/toolchains/gnu_arm/12.2.rel1_2023.7/bin/../lib/gcc/arm-none-eabi/12.2.1/thumb/v7e-m+fp/softfp\libc_nano.a(libc_a-mlock.o)
 .ARM.attributes
                0x000009a2       0x32 c:/siliconlabs/simplicitystudio/v5/developer/toolchains/gnu_arm/12.2.rel1_2023.7/bin/../lib/gcc/arm-none-eabi/12.2.1/thumb/v7e-m+fp/softfp\libc_nano.a(libc_a-nano-svfprintf.o)
 .ARM.attributes
                0x000009d4       0x32 c:/siliconlabs/simplicitystudio/v5/developer/toolchains/gnu_arm/12.2.rel1_2023.7/bin/../lib/gcc/arm-none-eabi/12.2.1/thumb/v7e-m+fp/softfp\libc_nano.a(libc_a-nano-vfprintf_i.o)
 .ARM.attributes
                0x00000a06       0x32 c:/siliconlabs/simplicitystudio/v5/developer/toolchains/gnu_arm/12.2.rel1_2023.7/bin/../lib/gcc/arm-none-eabi/12.2.1/thumb/v7e-m+fp/softfp\libc_nano.a(libc_a-memmove.o)
 .ARM.attributes
                0x00000a38       0x32 c:/siliconlabs/simplicitystudio/v5/developer/toolchains/gnu_arm/12.2.rel1_2023.7/bin/../lib/gcc/arm-none-eabi/12.2.1/thumb/v7e-m+fp/softfp\libc_nano.a(libc_a-sbrkr.o)
 .ARM.attributes
                0x00000a6a       0x1c c:/siliconlabs/simplicitystudio/v5/developer/toolchains/gnu_arm/12.2.rel1_2023.7/bin/../lib/gcc/arm-none-eabi/12.2.1/thumb/v7e-m+fp/softfp\libc_nano.a(libc_a-memchr.o)
 .ARM.attributes
                0x00000a86       0x32 c:/siliconlabs/simplicitystudio/v5/developer/toolchains/gnu_arm/12.2.rel1_2023.7/bin/../lib/gcc/arm-none-eabi/12.2.1/thumb/v7e-m+fp/softfp\libc_nano.a(libc_a-memcpy-stub.o)
 .ARM.attributes
                0x00000ab8       0x32 c:/siliconlabs/simplicitystudio/v5/developer/toolchains/gnu_arm/12.2.rel1_2023.7/bin/../lib/gcc/arm-none-eabi/12.2.1/thumb/v7e-m+fp/softfp\libc_nano.a(libc_a-reallocr.o)
 .ARM.attributes
                0x00000aea       0x32 c:/siliconlabs/simplicitystudio/v5/developer/toolchains/gnu_arm/12.2.rel1_2023.7/bin/../lib/gcc/arm-none-eabi/12.2.1/thumb/v7e-m+fp/softfp\libc_nano.a(libc_a-msizer.o)
 .ARM.attributes
                0x00000b1c       0x32 c:/siliconlabs/simplicitystudio/v5/developer/toolchains/gnu_arm/12.2.rel1_2023.7/bin/../lib/gcc/arm-none-eabi/12.2.1/thumb/v7e-m+fp/softfp/crtend.o
 .ARM.attributes
                0x00000b4e       0x22 c:/siliconlabs/simplicitystudio/v5/developer/toolchains/gnu_arm/12.2.rel1_2023.7/bin/../lib/gcc/arm-none-eabi/12.2.1/thumb/v7e-m+fp/softfp/crtn.o

.comment        0x00000000       0x45
 .comment       0x00000000       0x45 ./app.o
                                 0x46 (size before relaxing)
 .comment       0x00000045       0x46 ./main.o
 .comment       0x00000045       0x46 ./autogen/sl_board_default_init.o
 .comment       0x00000045       0x46 ./autogen/sl_device_init_clocks.o
 .comment       0x00000045       0x46 ./autogen/sl_event_handler.o
 .comment       0x00000045       0x46 ./autogen/sl_simple_led_instances.o
 .comment       0x00000045       0x46 ./gecko_sdk_4.5.0/hardware/board/src/sl_board_control_gpio.o
 .comment       0x00000045       0x46 ./gecko_sdk_4.5.0/hardware/board/src/sl_board_init.o
 .comment       0x00000045       0x46 ./gecko_sdk_4.5.0/platform/Device/SiliconLabs/EFM32PG1B/Source/startup_efm32pg1b.o
 .comment       0x00000045       0x46 ./gecko_sdk_4.5.0/platform/Device/SiliconLabs/EFM32PG1B/Source/system_efm32pg1b.o
 .comment       0x00000045       0x46 ./gecko_sdk_4.5.0/platform/common/src/sl_assert.o
 .comment       0x00000045       0x46 ./gecko_sdk_4.5.0/platform/common/src/sl_syscalls.o
 .comment       0x00000045       0x46 ./gecko_sdk_4.5.0/platform/common/toolchain/src/sl_memory.o
 .comment       0x00000045       0x46 ./gecko_sdk_4.5.0/platform/driver/leddrv/src/sl_led.o
 .comment       0x00000045       0x46 ./gecko_sdk_4.5.0/platform/driver/leddrv/src/sl_simple_led.o
 .comment       0x00000045       0x46 ./gecko_sdk_4.5.0/platform/emlib/src/em_cmu.o
 .comment       0x00000045       0x46 ./gecko_sdk_4.5.0/platform/emlib/src/em_core.o
 .comment       0x00000045       0x46 ./gecko_sdk_4.5.0/platform/emlib/src/em_emu.o
 .comment       0x00000045       0x46 ./gecko_sdk_4.5.0/platform/emlib/src/em_gpio.o
 .comment       0x00000045       0x46 ./gecko_sdk_4.5.0/platform/emlib/src/em_rtcc.o
 .comment       0x00000045       0x46 ./gecko_sdk_4.5.0/platform/emlib/src/em_system.o
 .comment       0x00000045       0x46 ./gecko_sdk_4.5.0/platform/emlib/src/em_timer.o
 .comment       0x00000045       0x46 ./gecko_sdk_4.5.0/platform/emlib/src/em_usart.o
 .comment       0x00000045       0x46 ./gecko_sdk_4.5.0/platform/service/device_init/src/sl_device_init_dcdc_s1.o
 .comment       0x00000045       0x46 ./gecko_sdk_4.5.0/platform/service/device_init/src/sl_device_init_emu_s1.o
 .comment       0x00000045       0x46 ./gecko_sdk_4.5.0/platform/service/device_init/src/sl_device_init_hfxo_s1.o
 .comment       0x00000045       0x46 ./gecko_sdk_4.5.0/platform/service/device_init/src/sl_device_init_lfxo_s1.o
 .comment       0x00000045       0x46 ./gecko_sdk_4.5.0/platform/service/device_init/src/sl_device_init_nvic.o
 .comment       0x00000045       0x46 ./gecko_sdk_4.5.0/platform/service/sleeptimer/src/sl_sleeptimer.o
 .comment       0x00000045       0x46 ./gecko_sdk_4.5.0/platform/service/sleeptimer/src/sl_sleeptimer_hal_rtcc.o
 .comment       0x00000045       0x46 ./gecko_sdk_4.5.0/platform/service/system/src/sl_system_init.o
 .comment       0x00000045       0x46 ./gecko_sdk_4.5.0/platform/service/system/src/sl_system_process_action.o

.debug_line_str
                0x00000000      0x2b1
 .debug_line_str
                0x00000000       0xe5 c:/siliconlabs/simplicitystudio/v5/developer/toolchains/gnu_arm/12.2.rel1_2023.7/bin/../lib/gcc/arm-none-eabi/12.2.1/thumb/v7e-m+fp/softfp/crt0.o
 .debug_line_str
                0x000000e5       0xcb c:/siliconlabs/simplicitystudio/v5/developer/toolchains/gnu_arm/12.2.rel1_2023.7/bin/../lib/gcc/arm-none-eabi/12.2.1/thumb/v7e-m+fp/softfp\libgcc.a(_aeabi_uldivmod.o)
 .debug_line_str
                0x000001b0        0xc c:/siliconlabs/simplicitystudio/v5/developer/toolchains/gnu_arm/12.2.rel1_2023.7/bin/../lib/gcc/arm-none-eabi/12.2.1/thumb/v7e-m+fp/softfp\libgcc.a(_dvmd_tls.o)
                                 0xcf (size before relaxing)
 .debug_line_str
                0x000001bc       0xec c:/siliconlabs/simplicitystudio/v5/developer/toolchains/gnu_arm/12.2.rel1_2023.7/bin/../lib/gcc/arm-none-eabi/12.2.1/thumb/v7e-m+fp/softfp\libc_nano.a(libc_a-strcmp.o)
 .debug_line_str
                0x000002a8        0x9 c:/siliconlabs/simplicitystudio/v5/developer/toolchains/gnu_arm/12.2.rel1_2023.7/bin/../lib/gcc/arm-none-eabi/12.2.1/thumb/v7e-m+fp/softfp\libc_nano.a(libc_a-memchr.o)
                                 0xe3 (size before relaxing)

.debug_info     0x00000000    0x15d8d
 .debug_info    0x00000000     0x1c7a ./app.o
 .debug_info    0x00001c7a       0x8d ./main.o
 .debug_info    0x00001d07       0x86 ./autogen/sl_board_default_init.o
 .debug_info    0x00001d8d      0x7bd ./autogen/sl_device_init_clocks.o
 .debug_info    0x0000254a      0xf59 ./autogen/sl_event_handler.o
 .debug_info    0x000034a3      0x300 ./autogen/sl_simple_led_instances.o
 .debug_info    0x000037a3      0x5bf ./gecko_sdk_4.5.0/hardware/board/src/sl_board_control_gpio.o
 .debug_info    0x00003d62      0x258 ./gecko_sdk_4.5.0/hardware/board/src/sl_board_init.o
 .debug_info    0x00003fba      0x322 ./gecko_sdk_4.5.0/platform/Device/SiliconLabs/EFM32PG1B/Source/startup_efm32pg1b.o
 .debug_info    0x000042dc      0xc2e ./gecko_sdk_4.5.0/platform/Device/SiliconLabs/EFM32PG1B/Source/system_efm32pg1b.o
 .debug_info    0x00004f0a       0x86 ./gecko_sdk_4.5.0/platform/common/src/sl_assert.o
 .debug_info    0x00004f90      0x306 ./gecko_sdk_4.5.0/platform/common/src/sl_syscalls.o
 .debug_info    0x00005296      0x205 ./gecko_sdk_4.5.0/platform/common/toolchain/src/sl_memory.o
 .debug_info    0x0000549b      0x25e ./gecko_sdk_4.5.0/platform/driver/leddrv/src/sl_led.o
 .debug_info    0x000056f9      0xa88 ./gecko_sdk_4.5.0/platform/driver/leddrv/src/sl_simple_led.o
 .debug_info    0x00006181     0x372e ./gecko_sdk_4.5.0/platform/emlib/src/em_cmu.o
 .debug_info    0x000098af     0x1118 ./gecko_sdk_4.5.0/platform/emlib/src/em_core.o
 .debug_info    0x0000a9c7     0x3358 ./gecko_sdk_4.5.0/platform/emlib/src/em_emu.o
 .debug_info    0x0000dd1f      0xf89 ./gecko_sdk_4.5.0/platform/emlib/src/em_gpio.o
 .debug_info    0x0000eca8      0x76a ./gecko_sdk_4.5.0/platform/emlib/src/em_rtcc.o
 .debug_info    0x0000f412      0xa2b ./gecko_sdk_4.5.0/platform/emlib/src/em_system.o
 .debug_info    0x0000fe3d      0xc79 ./gecko_sdk_4.5.0/platform/emlib/src/em_timer.o
 .debug_info    0x00010ab6     0x14f1 ./gecko_sdk_4.5.0/platform/emlib/src/em_usart.o
 .debug_info    0x00011fa7      0x27b ./gecko_sdk_4.5.0/platform/service/device_init/src/sl_device_init_dcdc_s1.o
 .debug_info    0x00012222      0x1b4 ./gecko_sdk_4.5.0/platform/service/device_init/src/sl_device_init_emu_s1.o
 .debug_info    0x000123d6      0x2cd ./gecko_sdk_4.5.0/platform/service/device_init/src/sl_device_init_hfxo_s1.o
 .debug_info    0x000126a3      0x1dd ./gecko_sdk_4.5.0/platform/service/device_init/src/sl_device_init_lfxo_s1.o
 .debug_info    0x00012880      0x565 ./gecko_sdk_4.5.0/platform/service/device_init/src/sl_device_init_nvic.o
 .debug_info    0x00012de5     0x1a68 ./gecko_sdk_4.5.0/platform/service/sleeptimer/src/sl_sleeptimer.o
 .debug_info    0x0001484d     0x1406 ./gecko_sdk_4.5.0/platform/service/sleeptimer/src/sl_sleeptimer_hal_rtcc.o
 .debug_info    0x00015c53       0xa7 ./gecko_sdk_4.5.0/platform/service/system/src/sl_system_init.o
 .debug_info    0x00015cfa       0x93 ./gecko_sdk_4.5.0/platform/service/system/src/sl_system_process_action.o

.debug_abbrev   0x00000000     0x42e7
 .debug_abbrev  0x00000000      0x475 ./app.o
 .debug_abbrev  0x00000475       0x5d ./main.o
 .debug_abbrev  0x000004d2       0x46 ./autogen/sl_board_default_init.o
 .debug_abbrev  0x00000518      0x145 ./autogen/sl_device_init_clocks.o
 .debug_abbrev  0x0000065d      0x270 ./autogen/sl_event_handler.o
 .debug_abbrev  0x000008cd      0x150 ./autogen/sl_simple_led_instances.o
 .debug_abbrev  0x00000a1d      0x187 ./gecko_sdk_4.5.0/hardware/board/src/sl_board_control_gpio.o
 .debug_abbrev  0x00000ba4      0x114 ./gecko_sdk_4.5.0/hardware/board/src/sl_board_init.o
 .debug_abbrev  0x00000cb8      0x1c8 ./gecko_sdk_4.5.0/platform/Device/SiliconLabs/EFM32PG1B/Source/startup_efm32pg1b.o
 .debug_abbrev  0x00000e80      0x231 ./gecko_sdk_4.5.0/platform/Device/SiliconLabs/EFM32PG1B/Source/system_efm32pg1b.o
 .debug_abbrev  0x000010b1       0x6c ./gecko_sdk_4.5.0/platform/common/src/sl_assert.o
 .debug_abbrev  0x0000111d      0x143 ./gecko_sdk_4.5.0/platform/common/src/sl_syscalls.o
 .debug_abbrev  0x00001260      0x11e ./gecko_sdk_4.5.0/platform/common/toolchain/src/sl_memory.o
 .debug_abbrev  0x0000137e       0xfd ./gecko_sdk_4.5.0/platform/driver/leddrv/src/sl_led.o
 .debug_abbrev  0x0000147b      0x338 ./gecko_sdk_4.5.0/platform/driver/leddrv/src/sl_simple_led.o
 .debug_abbrev  0x000017b3      0x522 ./gecko_sdk_4.5.0/platform/emlib/src/em_cmu.o
 .debug_abbrev  0x00001cd5      0x33e ./gecko_sdk_4.5.0/platform/emlib/src/em_core.o
 .debug_abbrev  0x00002013      0x594 ./gecko_sdk_4.5.0/platform/emlib/src/em_emu.o
 .debug_abbrev  0x000025a7      0x32e ./gecko_sdk_4.5.0/platform/emlib/src/em_gpio.o
 .debug_abbrev  0x000028d5      0x25d ./gecko_sdk_4.5.0/platform/emlib/src/em_rtcc.o
 .debug_abbrev  0x00002b32      0x26a ./gecko_sdk_4.5.0/platform/emlib/src/em_system.o
 .debug_abbrev  0x00002d9c      0x271 ./gecko_sdk_4.5.0/platform/emlib/src/em_timer.o
 .debug_abbrev  0x0000300d      0x336 ./gecko_sdk_4.5.0/platform/emlib/src/em_usart.o
 .debug_abbrev  0x00003343      0x10b ./gecko_sdk_4.5.0/platform/service/device_init/src/sl_device_init_dcdc_s1.o
 .debug_abbrev  0x0000344e       0xf6 ./gecko_sdk_4.5.0/platform/service/device_init/src/sl_device_init_emu_s1.o
 .debug_abbrev  0x00003544      0x12e ./gecko_sdk_4.5.0/platform/service/device_init/src/sl_device_init_hfxo_s1.o
 .debug_abbrev  0x00003672      0x105 ./gecko_sdk_4.5.0/platform/service/device_init/src/sl_device_init_lfxo_s1.o
 .debug_abbrev  0x00003777      0x15a ./gecko_sdk_4.5.0/platform/service/device_init/src/sl_device_init_nvic.o
 .debug_abbrev  0x000038d1      0x495 ./gecko_sdk_4.5.0/platform/service/sleeptimer/src/sl_sleeptimer.o
 .debug_abbrev  0x00003d66      0x4c9 ./gecko_sdk_4.5.0/platform/service/sleeptimer/src/sl_sleeptimer_hal_rtcc.o
 .debug_abbrev  0x0000422f       0x5c ./gecko_sdk_4.5.0/platform/service/system/src/sl_system_init.o
 .debug_abbrev  0x0000428b       0x5c ./gecko_sdk_4.5.0/platform/service/system/src/sl_system_process_action.o

.debug_loc      0x00000000     0xab50
 .debug_loc     0x00000000      0x622 ./app.o
 .debug_loc     0x00000622       0x20 ./main.o
 .debug_loc     0x00000642       0x20 ./autogen/sl_device_init_clocks.o
 .debug_loc     0x00000662      0x158 ./autogen/sl_event_handler.o
 .debug_loc     0x000007ba      0x2ee ./gecko_sdk_4.5.0/hardware/board/src/sl_board_control_gpio.o
 .debug_loc     0x00000aa8       0x2c ./gecko_sdk_4.5.0/hardware/board/src/sl_board_init.o
 .debug_loc     0x00000ad4       0x8e ./gecko_sdk_4.5.0/platform/Device/SiliconLabs/EFM32PG1B/Source/startup_efm32pg1b.o
 .debug_loc     0x00000b62       0xcb ./gecko_sdk_4.5.0/platform/Device/SiliconLabs/EFM32PG1B/Source/system_efm32pg1b.o
 .debug_loc     0x00000c2d       0x2a ./gecko_sdk_4.5.0/platform/common/src/sl_assert.o
 .debug_loc     0x00000c57      0x118 ./gecko_sdk_4.5.0/platform/common/src/sl_syscalls.o
 .debug_loc     0x00000d6f       0x98 ./gecko_sdk_4.5.0/platform/common/toolchain/src/sl_memory.o
 .debug_loc     0x00000e07       0xb9 ./gecko_sdk_4.5.0/platform/driver/leddrv/src/sl_led.o
 .debug_loc     0x00000ec0      0x41c ./gecko_sdk_4.5.0/platform/driver/leddrv/src/sl_simple_led.o
 .debug_loc     0x000012dc     0x3208 ./gecko_sdk_4.5.0/platform/emlib/src/em_cmu.o
 .debug_loc     0x000044e4      0x926 ./gecko_sdk_4.5.0/platform/emlib/src/em_core.o
 .debug_loc     0x00004e0a     0x2045 ./gecko_sdk_4.5.0/platform/emlib/src/em_emu.o
 .debug_loc     0x00006e4f      0xa89 ./gecko_sdk_4.5.0/platform/emlib/src/em_gpio.o
 .debug_loc     0x000078d8      0x152 ./gecko_sdk_4.5.0/platform/emlib/src/em_rtcc.o
 .debug_loc     0x00007a2a      0x19b ./gecko_sdk_4.5.0/platform/emlib/src/em_system.o
 .debug_loc     0x00007bc5      0x49e ./gecko_sdk_4.5.0/platform/emlib/src/em_timer.o
 .debug_loc     0x00008063      0xab0 ./gecko_sdk_4.5.0/platform/emlib/src/em_usart.o
 .debug_loc     0x00008b13       0x2c ./gecko_sdk_4.5.0/platform/service/device_init/src/sl_device_init_dcdc_s1.o
 .debug_loc     0x00008b3f       0x2c ./gecko_sdk_4.5.0/platform/service/device_init/src/sl_device_init_emu_s1.o
 .debug_loc     0x00008b6b       0x4f ./gecko_sdk_4.5.0/platform/service/device_init/src/sl_device_init_hfxo_s1.o
 .debug_loc     0x00008bba       0x2c ./gecko_sdk_4.5.0/platform/service/device_init/src/sl_device_init_lfxo_s1.o
 .debug_loc     0x00008be6       0x79 ./gecko_sdk_4.5.0/platform/service/device_init/src/sl_device_init_nvic.o
 .debug_loc     0x00008c5f     0x1981 ./gecko_sdk_4.5.0/platform/service/sleeptimer/src/sl_sleeptimer.o
 .debug_loc     0x0000a5e0      0x518 ./gecko_sdk_4.5.0/platform/service/sleeptimer/src/sl_sleeptimer_hal_rtcc.o
 .debug_loc     0x0000aaf8       0x2c ./gecko_sdk_4.5.0/platform/service/system/src/sl_system_init.o
 .debug_loc     0x0000ab24       0x2c ./gecko_sdk_4.5.0/platform/service/system/src/sl_system_process_action.o

.debug_aranges  0x00000000      0xc18
 .debug_aranges
                0x00000000       0x60 ./app.o
 .debug_aranges
                0x00000060       0x20 ./main.o
 .debug_aranges
                0x00000080       0x20 ./autogen/sl_board_default_init.o
 .debug_aranges
                0x000000a0       0x20 ./autogen/sl_device_init_clocks.o
 .debug_aranges
                0x000000c0       0x60 ./autogen/sl_event_handler.o
 .debug_aranges
                0x00000120       0x20 ./autogen/sl_simple_led_instances.o
 .debug_aranges
                0x00000140       0x70 ./gecko_sdk_4.5.0/hardware/board/src/sl_board_control_gpio.o
 .debug_aranges
                0x000001b0       0x28 ./gecko_sdk_4.5.0/hardware/board/src/sl_board_init.o
 .debug_aranges
                0x000001d8       0x28 ./gecko_sdk_4.5.0/platform/Device/SiliconLabs/EFM32PG1B/Source/startup_efm32pg1b.o
 .debug_aranges
                0x00000200       0x68 ./gecko_sdk_4.5.0/platform/Device/SiliconLabs/EFM32PG1B/Source/system_efm32pg1b.o
 .debug_aranges
                0x00000268       0x20 ./gecko_sdk_4.5.0/platform/common/src/sl_assert.o
 .debug_aranges
                0x00000288       0x68 ./gecko_sdk_4.5.0/platform/common/src/sl_syscalls.o
 .debug_aranges
                0x000002f0       0x30 ./gecko_sdk_4.5.0/platform/common/toolchain/src/sl_memory.o
 .debug_aranges
                0x00000320       0x40 ./gecko_sdk_4.5.0/platform/driver/leddrv/src/sl_led.o
 .debug_aranges
                0x00000360       0x50 ./gecko_sdk_4.5.0/platform/driver/leddrv/src/sl_simple_led.o
 .debug_aranges
                0x000003b0      0x188 ./gecko_sdk_4.5.0/platform/emlib/src/em_cmu.o
 .debug_aranges
                0x00000538       0xe8 ./gecko_sdk_4.5.0/platform/emlib/src/em_core.o
 .debug_aranges
                0x00000620      0x158 ./gecko_sdk_4.5.0/platform/emlib/src/em_emu.o
 .debug_aranges
                0x00000778       0x70 ./gecko_sdk_4.5.0/platform/emlib/src/em_gpio.o
 .debug_aranges
                0x000007e8       0x40 ./gecko_sdk_4.5.0/platform/emlib/src/em_rtcc.o
 .debug_aranges
                0x00000828       0x78 ./gecko_sdk_4.5.0/platform/emlib/src/em_system.o
 .debug_aranges
                0x000008a0       0x38 ./gecko_sdk_4.5.0/platform/emlib/src/em_timer.o
 .debug_aranges
                0x000008d8       0xb8 ./gecko_sdk_4.5.0/platform/emlib/src/em_usart.o
 .debug_aranges
                0x00000990       0x20 ./gecko_sdk_4.5.0/platform/service/device_init/src/sl_device_init_dcdc_s1.o
 .debug_aranges
                0x000009b0       0x20 ./gecko_sdk_4.5.0/platform/service/device_init/src/sl_device_init_emu_s1.o
 .debug_aranges
                0x000009d0       0x20 ./gecko_sdk_4.5.0/platform/service/device_init/src/sl_device_init_hfxo_s1.o
 .debug_aranges
                0x000009f0       0x20 ./gecko_sdk_4.5.0/platform/service/device_init/src/sl_device_init_lfxo_s1.o
 .debug_aranges
                0x00000a10       0x20 ./gecko_sdk_4.5.0/platform/service/device_init/src/sl_device_init_nvic.o
 .debug_aranges
                0x00000a30      0x120 ./gecko_sdk_4.5.0/platform/service/sleeptimer/src/sl_sleeptimer.o
 .debug_aranges
                0x00000b50       0x88 ./gecko_sdk_4.5.0/platform/service/sleeptimer/src/sl_sleeptimer_hal_rtcc.o
 .debug_aranges
                0x00000bd8       0x20 ./gecko_sdk_4.5.0/platform/service/system/src/sl_system_init.o
 .debug_aranges
                0x00000bf8       0x20 ./gecko_sdk_4.5.0/platform/service/system/src/sl_system_process_action.o

.debug_ranges   0x00000000     0x1528
 .debug_ranges  0x00000000      0x100 ./app.o
 .debug_ranges  0x00000100       0x10 ./main.o
 .debug_ranges  0x00000110       0x10 ./autogen/sl_board_default_init.o
 .debug_ranges  0x00000120       0x10 ./autogen/sl_device_init_clocks.o
 .debug_ranges  0x00000130       0x68 ./autogen/sl_event_handler.o
 .debug_ranges  0x00000198       0x10 ./autogen/sl_simple_led_instances.o
 .debug_ranges  0x000001a8       0x60 ./gecko_sdk_4.5.0/hardware/board/src/sl_board_control_gpio.o
 .debug_ranges  0x00000208       0x18 ./gecko_sdk_4.5.0/hardware/board/src/sl_board_init.o
 .debug_ranges  0x00000220       0x80 ./gecko_sdk_4.5.0/platform/Device/SiliconLabs/EFM32PG1B/Source/startup_efm32pg1b.o
 .debug_ranges  0x000002a0       0x58 ./gecko_sdk_4.5.0/platform/Device/SiliconLabs/EFM32PG1B/Source/system_efm32pg1b.o
 .debug_ranges  0x000002f8       0x10 ./gecko_sdk_4.5.0/platform/common/src/sl_assert.o
 .debug_ranges  0x00000308       0x58 ./gecko_sdk_4.5.0/platform/common/src/sl_syscalls.o
 .debug_ranges  0x00000360       0x20 ./gecko_sdk_4.5.0/platform/common/toolchain/src/sl_memory.o
 .debug_ranges  0x00000380       0x30 ./gecko_sdk_4.5.0/platform/driver/leddrv/src/sl_led.o
 .debug_ranges  0x000003b0       0xc0 ./gecko_sdk_4.5.0/platform/driver/leddrv/src/sl_simple_led.o
 .debug_ranges  0x00000470      0x4a0 ./gecko_sdk_4.5.0/platform/emlib/src/em_cmu.o
 .debug_ranges  0x00000910      0x1a0 ./gecko_sdk_4.5.0/platform/emlib/src/em_core.o
 .debug_ranges  0x00000ab0      0x3d8 ./gecko_sdk_4.5.0/platform/emlib/src/em_emu.o
 .debug_ranges  0x00000e88       0xd0 ./gecko_sdk_4.5.0/platform/emlib/src/em_gpio.o
 .debug_ranges  0x00000f58       0x50 ./gecko_sdk_4.5.0/platform/emlib/src/em_rtcc.o
 .debug_ranges  0x00000fa8       0x68 ./gecko_sdk_4.5.0/platform/emlib/src/em_system.o
 .debug_ranges  0x00001010      0x110 ./gecko_sdk_4.5.0/platform/emlib/src/em_timer.o
 .debug_ranges  0x00001120       0xa8 ./gecko_sdk_4.5.0/platform/emlib/src/em_usart.o
 .debug_ranges  0x000011c8       0x10 ./gecko_sdk_4.5.0/platform/service/device_init/src/sl_device_init_dcdc_s1.o
 .debug_ranges  0x000011d8       0x10 ./gecko_sdk_4.5.0/platform/service/device_init/src/sl_device_init_emu_s1.o
 .debug_ranges  0x000011e8       0x10 ./gecko_sdk_4.5.0/platform/service/device_init/src/sl_device_init_hfxo_s1.o
 .debug_ranges  0x000011f8       0x10 ./gecko_sdk_4.5.0/platform/service/device_init/src/sl_device_init_lfxo_s1.o
 .debug_ranges  0x00001208       0x68 ./gecko_sdk_4.5.0/platform/service/device_init/src/sl_device_init_nvic.o
 .debug_ranges  0x00001270      0x1a0 ./gecko_sdk_4.5.0/platform/service/sleeptimer/src/sl_sleeptimer.o
 .debug_ranges  0x00001410       0xf8 ./gecko_sdk_4.5.0/platform/service/sleeptimer/src/sl_sleeptimer_hal_rtcc.o
 .debug_ranges  0x00001508       0x10 ./gecko_sdk_4.5.0/platform/service/system/src/sl_system_init.o
 .debug_ranges  0x00001518       0x10 ./gecko_sdk_4.5.0/platform/service/system/src/sl_system_process_action.o

.debug_line     0x00000000     0xc209
 .debug_line    0x00000000      0x881 ./app.o
 .debug_line    0x00000881       0xe3 ./main.o
 .debug_line    0x00000964       0x55 ./autogen/sl_board_default_init.o
 .debug_line    0x000009b9      0x29a ./autogen/sl_device_init_clocks.o
 .debug_line    0x00000c53      0x665 ./autogen/sl_event_handler.o
 .debug_line    0x000012b8      0x25e ./autogen/sl_simple_led_instances.o
 .debug_line    0x00001516      0x4a7 ./gecko_sdk_4.5.0/hardware/board/src/sl_board_control_gpio.o
 .debug_line    0x000019bd      0x1f8 ./gecko_sdk_4.5.0/hardware/board/src/sl_board_init.o
 .debug_line    0x00001bb5      0x300 ./gecko_sdk_4.5.0/platform/Device/SiliconLabs/EFM32PG1B/Source/startup_efm32pg1b.o
 .debug_line    0x00001eb5      0x44e ./gecko_sdk_4.5.0/platform/Device/SiliconLabs/EFM32PG1B/Source/system_efm32pg1b.o
 .debug_line    0x00002303       0x9e ./gecko_sdk_4.5.0/platform/common/src/sl_assert.o
 .debug_line    0x000023a1      0x189 ./gecko_sdk_4.5.0/platform/common/src/sl_syscalls.o
 .debug_line    0x0000252a      0x2e5 ./gecko_sdk_4.5.0/platform/common/toolchain/src/sl_memory.o
 .debug_line    0x0000280f      0x28a ./gecko_sdk_4.5.0/platform/driver/leddrv/src/sl_led.o
 .debug_line    0x00002a99      0x553 ./gecko_sdk_4.5.0/platform/driver/leddrv/src/sl_simple_led.o
 .debug_line    0x00002fec     0x21bc ./gecko_sdk_4.5.0/platform/emlib/src/em_cmu.o
 .debug_line    0x000051a8      0xa50 ./gecko_sdk_4.5.0/platform/emlib/src/em_core.o
 .debug_line    0x00005bf8     0x1a74 ./gecko_sdk_4.5.0/platform/emlib/src/em_emu.o
 .debug_line    0x0000766c      0x74b ./gecko_sdk_4.5.0/platform/emlib/src/em_gpio.o
 .debug_line    0x00007db7      0x4f7 ./gecko_sdk_4.5.0/platform/emlib/src/em_rtcc.o
 .debug_line    0x000082ae      0x4c4 ./gecko_sdk_4.5.0/platform/emlib/src/em_system.o
 .debug_line    0x00008772      0x6e9 ./gecko_sdk_4.5.0/platform/emlib/src/em_timer.o
 .debug_line    0x00008e5b      0xb95 ./gecko_sdk_4.5.0/platform/emlib/src/em_usart.o
 .debug_line    0x000099f0      0x248 ./gecko_sdk_4.5.0/platform/service/device_init/src/sl_device_init_dcdc_s1.o
 .debug_line    0x00009c38      0x256 ./gecko_sdk_4.5.0/platform/service/device_init/src/sl_device_init_emu_s1.o
 .debug_line    0x00009e8e      0x2e5 ./gecko_sdk_4.5.0/platform/service/device_init/src/sl_device_init_hfxo_s1.o
 .debug_line    0x0000a173      0x259 ./gecko_sdk_4.5.0/platform/service/device_init/src/sl_device_init_lfxo_s1.o
 .debug_line    0x0000a3cc      0x344 ./gecko_sdk_4.5.0/platform/service/device_init/src/sl_device_init_nvic.o
 .debug_line    0x0000a710     0x10a3 ./gecko_sdk_4.5.0/platform/service/sleeptimer/src/sl_sleeptimer.o
 .debug_line    0x0000b7b3      0x87f ./gecko_sdk_4.5.0/platform/service/sleeptimer/src/sl_sleeptimer_hal_rtcc.o
 .debug_line    0x0000c032       0xe7 ./gecko_sdk_4.5.0/platform/service/system/src/sl_system_init.o
 .debug_line    0x0000c119       0xf0 ./gecko_sdk_4.5.0/platform/service/system/src/sl_system_process_action.o

.debug_str      0x00000000     0x67ac
 .debug_str     0x00000000     0x114d ./app.o
                               0x1208 (size before relaxing)
 .debug_str     0x0000114d       0x37 ./main.o
                                0x139 (size before relaxing)
 .debug_str     0x00001184       0x39 ./autogen/sl_board_default_init.o
                                0x1b6 (size before relaxing)
 .debug_str     0x000011bd      0x325 ./autogen/sl_device_init_clocks.o
                                0x747 (size before relaxing)
 .debug_str     0x000014e2      0x392 ./autogen/sl_event_handler.o
                                0x8f3 (size before relaxing)
 .debug_str     0x00001874      0x11d ./autogen/sl_simple_led_instances.o
                                0x378 (size before relaxing)
 .debug_str     0x00001991      0x2b5 ./gecko_sdk_4.5.0/hardware/board/src/sl_board_control_gpio.o
                                0x6b0 (size before relaxing)
 .debug_str     0x00001c46       0x52 ./gecko_sdk_4.5.0/hardware/board/src/sl_board_init.o
                                0x423 (size before relaxing)
 .debug_str     0x00001c98      0x159 ./gecko_sdk_4.5.0/platform/Device/SiliconLabs/EFM32PG1B/Source/startup_efm32pg1b.o
                                0x2f1 (size before relaxing)
 .debug_str     0x00001df1      0x1ad ./gecko_sdk_4.5.0/platform/Device/SiliconLabs/EFM32PG1B/Source/system_efm32pg1b.o
                                0x75e (size before relaxing)
 .debug_str     0x00001f9e       0x59 ./gecko_sdk_4.5.0/platform/common/src/sl_assert.o
                                0x161 (size before relaxing)
 .debug_str     0x00001ff7       0xa8 ./gecko_sdk_4.5.0/platform/common/src/sl_syscalls.o
                                0x241 (size before relaxing)
 .debug_str     0x0000209f       0xf3 ./gecko_sdk_4.5.0/platform/common/toolchain/src/sl_memory.o
                                0x29b (size before relaxing)
 .debug_str     0x00002192       0x9c ./gecko_sdk_4.5.0/platform/driver/leddrv/src/sl_led.o
                                0x29e (size before relaxing)
 .debug_str     0x0000222e       0xbc ./gecko_sdk_4.5.0/platform/driver/leddrv/src/sl_simple_led.o
                                0x808 (size before relaxing)
 .debug_str     0x000022ea      0xddf ./gecko_sdk_4.5.0/platform/emlib/src/em_cmu.o
                               0x16b8 (size before relaxing)
 .debug_str     0x000030c9      0x37f ./gecko_sdk_4.5.0/platform/emlib/src/em_core.o
                                0x7d7 (size before relaxing)
 .debug_str     0x00003448      0xdfd ./gecko_sdk_4.5.0/platform/emlib/src/em_emu.o
                               0x1ab3 (size before relaxing)
 .debug_str     0x00004245      0x15e ./gecko_sdk_4.5.0/platform/emlib/src/em_gpio.o
                                0x7dc (size before relaxing)
 .debug_str     0x000043a3      0x52d ./gecko_sdk_4.5.0/platform/emlib/src/em_rtcc.o
                                0x750 (size before relaxing)
 .debug_str     0x000048d0      0x89a ./gecko_sdk_4.5.0/platform/emlib/src/em_system.o
                                0xd35 (size before relaxing)
 .debug_str     0x0000516a      0x4a5 ./gecko_sdk_4.5.0/platform/emlib/src/em_timer.o
                                0x98d (size before relaxing)
 .debug_str     0x0000560f      0x4a9 ./gecko_sdk_4.5.0/platform/emlib/src/em_usart.o
                                0xce4 (size before relaxing)
 .debug_str     0x00005ab8       0x69 ./gecko_sdk_4.5.0/platform/service/device_init/src/sl_device_init_dcdc_s1.o
                                0x43a (size before relaxing)
 .debug_str     0x00005b21       0x71 ./gecko_sdk_4.5.0/platform/service/device_init/src/sl_device_init_emu_s1.o
                                0x317 (size before relaxing)
 .debug_str     0x00005b92       0x69 ./gecko_sdk_4.5.0/platform/service/device_init/src/sl_device_init_hfxo_s1.o
                                0x408 (size before relaxing)
 .debug_str     0x00005bfb       0x69 ./gecko_sdk_4.5.0/platform/service/device_init/src/sl_device_init_lfxo_s1.o
                                0x307 (size before relaxing)
 .debug_str     0x00005c64       0x82 ./gecko_sdk_4.5.0/platform/service/device_init/src/sl_device_init_nvic.o
                                0x4cd (size before relaxing)
 .debug_str     0x00005ce6      0x860 ./gecko_sdk_4.5.0/platform/service/sleeptimer/src/sl_sleeptimer.o
                                0xbbe (size before relaxing)
 .debug_str     0x00006546      0x1a4 ./gecko_sdk_4.5.0/platform/service/sleeptimer/src/sl_sleeptimer_hal_rtcc.o
                                0xf00 (size before relaxing)
 .debug_str     0x000066ea       0x5c ./gecko_sdk_4.5.0/platform/service/system/src/sl_system_init.o
                                0x1b7 (size before relaxing)
 .debug_str     0x00006746       0x66 ./gecko_sdk_4.5.0/platform/service/system/src/sl_system_process_action.o
                                0x1e4 (size before relaxing)

.debug_frame    0x00000000     0x22ec
 .debug_frame   0x00000000      0x104 ./app.o
 .debug_frame   0x00000104       0x28 ./main.o
 .debug_frame   0x0000012c       0x20 ./autogen/sl_board_default_init.o
 .debug_frame   0x0000014c       0x2c ./autogen/sl_device_init_clocks.o
 .debug_frame   0x00000178       0xbc ./autogen/sl_event_handler.o
 .debug_frame   0x00000234       0x20 ./autogen/sl_simple_led_instances.o
 .debug_frame   0x00000254      0x110 ./gecko_sdk_4.5.0/hardware/board/src/sl_board_control_gpio.o
 .debug_frame   0x00000364       0x3c ./gecko_sdk_4.5.0/hardware/board/src/sl_board_init.o
 .debug_frame   0x000003a0       0x38 ./gecko_sdk_4.5.0/platform/Device/SiliconLabs/EFM32PG1B/Source/startup_efm32pg1b.o
 .debug_frame   0x000003d8       0xb8 ./gecko_sdk_4.5.0/platform/Device/SiliconLabs/EFM32PG1B/Source/system_efm32pg1b.o
 .debug_frame   0x00000490       0x20 ./gecko_sdk_4.5.0/platform/common/src/sl_assert.o
 .debug_frame   0x000004b0       0xb0 ./gecko_sdk_4.5.0/platform/common/src/sl_syscalls.o
 .debug_frame   0x00000560       0x40 ./gecko_sdk_4.5.0/platform/common/toolchain/src/sl_memory.o
 .debug_frame   0x000005a0       0x60 ./gecko_sdk_4.5.0/platform/driver/leddrv/src/sl_led.o
 .debug_frame   0x00000600       0xb8 ./gecko_sdk_4.5.0/platform/driver/leddrv/src/sl_simple_led.o
 .debug_frame   0x000006b8      0x4d8 ./gecko_sdk_4.5.0/platform/emlib/src/em_cmu.o
 .debug_frame   0x00000b90      0x240 ./gecko_sdk_4.5.0/platform/emlib/src/em_core.o
 .debug_frame   0x00000dd0      0x398 ./gecko_sdk_4.5.0/platform/emlib/src/em_emu.o
 .debug_frame   0x00001168      0x190 ./gecko_sdk_4.5.0/platform/emlib/src/em_gpio.o
 .debug_frame   0x000012f8       0x74 ./gecko_sdk_4.5.0/platform/emlib/src/em_rtcc.o
 .debug_frame   0x0000136c       0xe0 ./gecko_sdk_4.5.0/platform/emlib/src/em_system.o
 .debug_frame   0x0000144c       0x7c ./gecko_sdk_4.5.0/platform/emlib/src/em_timer.o
 .debug_frame   0x000014c8      0x1ec ./gecko_sdk_4.5.0/platform/emlib/src/em_usart.o
 .debug_frame   0x000016b4       0x30 ./gecko_sdk_4.5.0/platform/service/device_init/src/sl_device_init_dcdc_s1.o
 .debug_frame   0x000016e4       0x2c ./gecko_sdk_4.5.0/platform/service/device_init/src/sl_device_init_emu_s1.o
 .debug_frame   0x00001710       0x34 ./gecko_sdk_4.5.0/platform/service/device_init/src/sl_device_init_hfxo_s1.o
 .debug_frame   0x00001744       0x28 ./gecko_sdk_4.5.0/platform/service/device_init/src/sl_device_init_lfxo_s1.o
 .debug_frame   0x0000176c       0x28 ./gecko_sdk_4.5.0/platform/service/device_init/src/sl_device_init_nvic.o
 .debug_frame   0x00001794      0x3ac ./gecko_sdk_4.5.0/platform/service/sleeptimer/src/sl_sleeptimer.o
 .debug_frame   0x00001b40      0x124 ./gecko_sdk_4.5.0/platform/service/sleeptimer/src/sl_sleeptimer_hal_rtcc.o
 .debug_frame   0x00001c64       0x2c ./gecko_sdk_4.5.0/platform/service/system/src/sl_system_init.o
 .debug_frame   0x00001c90       0x2c ./gecko_sdk_4.5.0/platform/service/system/src/sl_system_process_action.o
 .debug_frame   0x00001cbc       0x2c c:/siliconlabs/simplicitystudio/v5/developer/toolchains/gnu_arm/12.2.rel1_2023.7/bin/../lib/gcc/arm-none-eabi/12.2.1/thumb/v7e-m+fp/softfp\libgcc.a(_aeabi_uldivmod.o)